Archive member included because of file (symbol)

c:/program files (x86)/atmel/avr tools/avr toolchain/bin/../lib/gcc/avr/4.5.1/../../../../avr/lib/avr5\libpololu_atmega328p.a(OrangutanAnalog.o)
                              lf1.o (read_battery_millivolts_3pi)
c:/program files (x86)/atmel/avr tools/avr toolchain/bin/../lib/gcc/avr/4.5.1/../../../../avr/lib/avr5\libpololu_atmega328p.a(OrangutanBuzzer.o)
                              lf1.o (is_playing)
c:/program files (x86)/atmel/avr tools/avr toolchain/bin/../lib/gcc/avr/4.5.1/../../../../avr/lib/avr5\libpololu_atmega328p.a(OrangutanLCD.o)
                              lf1.o (lcd_load_custom_character)
c:/program files (x86)/atmel/avr tools/avr toolchain/bin/../lib/gcc/avr/4.5.1/../../../../avr/lib/avr5\libpololu_atmega328p.a(OrangutanMotors.o)
                              lf1.o (set_motors)
c:/program files (x86)/atmel/avr tools/avr toolchain/bin/../lib/gcc/avr/4.5.1/../../../../avr/lib/avr5\libpololu_atmega328p.a(OrangutanPushbuttons.o)
                              lf1.o (wait_for_button_release)
c:/program files (x86)/atmel/avr tools/avr toolchain/bin/../lib/gcc/avr/4.5.1/../../../../avr/lib/avr5\libpololu_atmega328p.a(OrangutanTime.o)
                              lf1.o (delay_ms)
c:/program files (x86)/atmel/avr tools/avr toolchain/bin/../lib/gcc/avr/4.5.1/../../../../avr/lib/avr5\libpololu_atmega328p.a(Pololu3pi.o)
                              lf1.o (calibrate_line_sensors)
c:/program files (x86)/atmel/avr tools/avr toolchain/bin/../lib/gcc/avr/4.5.1/../../../../avr/lib/avr5\libpololu_atmega328p.a(PololuQTRSensors.o)
                              c:/program files (x86)/atmel/avr tools/avr toolchain/bin/../lib/gcc/avr/4.5.1/../../../../avr/lib/avr5\libpololu_atmega328p.a(Pololu3pi.o) (PololuQTRSensors::emittersOff())
c:/program files (x86)/atmel/avr tools/avr toolchain/bin/../lib/gcc/avr/4.5.1/avr5\libgcc.a(_mulsi3.o)
                              c:/program files (x86)/atmel/avr tools/avr toolchain/bin/../lib/gcc/avr/4.5.1/../../../../avr/lib/avr5\libpololu_atmega328p.a(OrangutanAnalog.o) (__mulsi3)
c:/program files (x86)/atmel/avr tools/avr toolchain/bin/../lib/gcc/avr/4.5.1/avr5\libgcc.a(_udivmodqi4.o)
                              c:/program files (x86)/atmel/avr tools/avr toolchain/bin/../lib/gcc/avr/4.5.1/../../../../avr/lib/avr5\libpololu_atmega328p.a(OrangutanBuzzer.o) (__udivmodqi4)
c:/program files (x86)/atmel/avr tools/avr toolchain/bin/../lib/gcc/avr/4.5.1/avr5\libgcc.a(_udivmodhi4.o)
                              lf1.o (__udivmodhi4)
c:/program files (x86)/atmel/avr tools/avr toolchain/bin/../lib/gcc/avr/4.5.1/avr5\libgcc.a(_divmodhi4.o)
                              c:/program files (x86)/atmel/avr tools/avr toolchain/bin/../lib/gcc/avr/4.5.1/../../../../avr/lib/avr5\libpololu_atmega328p.a(OrangutanAnalog.o) (__divmodhi4)
c:/program files (x86)/atmel/avr tools/avr toolchain/bin/../lib/gcc/avr/4.5.1/avr5\libgcc.a(_udivmodsi4.o)
                              lf1.o (__udivmodsi4)
c:/program files (x86)/atmel/avr tools/avr toolchain/bin/../lib/gcc/avr/4.5.1/avr5\libgcc.a(_divmodsi4.o)
                              c:/program files (x86)/atmel/avr tools/avr toolchain/bin/../lib/gcc/avr/4.5.1/../../../../avr/lib/avr5\libpololu_atmega328p.a(OrangutanBuzzer.o) (__divmodsi4)
c:/program files (x86)/atmel/avr tools/avr toolchain/bin/../lib/gcc/avr/4.5.1/avr5\libgcc.a(_prologue.o)
                              c:/program files (x86)/atmel/avr tools/avr toolchain/bin/../lib/gcc/avr/4.5.1/../../../../avr/lib/avr5\libpololu_atmega328p.a(OrangutanAnalog.o) (__prologue_saves__)
c:/program files (x86)/atmel/avr tools/avr toolchain/bin/../lib/gcc/avr/4.5.1/avr5\libgcc.a(_epilogue.o)
                              c:/program files (x86)/atmel/avr tools/avr toolchain/bin/../lib/gcc/avr/4.5.1/../../../../avr/lib/avr5\libpololu_atmega328p.a(OrangutanAnalog.o) (__epilogue_restores__)
c:/program files (x86)/atmel/avr tools/avr toolchain/bin/../lib/gcc/avr/4.5.1/avr5\libgcc.a(_exit.o)
                              c:/program files (x86)/atmel/avr tools/avr toolchain/bin/../lib/gcc/avr/4.5.1/../../../../avr/lib/avr5/crtm328p.o (exit)
c:/program files (x86)/atmel/avr tools/avr toolchain/bin/../lib/gcc/avr/4.5.1/avr5\libgcc.a(_copy_data.o)
                              lf1.o (__do_copy_data)
c:/program files (x86)/atmel/avr tools/avr toolchain/bin/../lib/gcc/avr/4.5.1/avr5\libgcc.a(_clear_bss.o)
                              lf1.o (__do_clear_bss)
c:/program files (x86)/atmel/avr tools/avr toolchain/bin/../lib/gcc/avr/4.5.1/avr5\libgcc.a(_ctors.o)
                              c:/program files (x86)/atmel/avr tools/avr toolchain/bin/../lib/gcc/avr/4.5.1/../../../../avr/lib/avr5\libpololu_atmega328p.a(Pololu3pi.o) (__do_global_ctors)
c:/program files (x86)/atmel/avr tools/avr toolchain/bin/../lib/gcc/avr/4.5.1/avr5\libgcc.a(_dtors.o)
[...]
Memory Configuration

Name             Origin             Length             Attributes
text             0x00000000         0x00020000         xr
data             0x00800060         0x0000ffa0         rw !x
eeprom           0x00810000         0x00010000         rw !x
fuse             0x00820000         0x00000400         rw !x
lock             0x00830000         0x00000400         rw !x
signature        0x00840000         0x00000400         rw !x
*default*        0x00000000         0xffffffff

Linker script and memory map

Address of section .data set to 0x800100
LOAD c:/program files (x86)/atmel/avr tools/avr toolchain/bin/../lib/gcc/avr/4.5.1/../../../../avr/lib/avr5/crtm328p.o
LOAD lf1.o
LOAD c:/program files (x86)/atmel/avr tools/avr toolchain/bin/../lib/gcc/avr/4.5.1/../../../../avr/lib/avr5\libpololu_atmega328p.a
LOAD c:/program files (x86)/atmel/avr tools/avr toolchain/bin/../lib/gcc/avr/4.5.1/avr5\libgcc.a
LOAD c:/program files (x86)/atmel/avr tools/avr toolchain/bin/../lib/gcc/avr/4.5.1/../../../../avr/lib/avr5\libc.a
LOAD c:/program files (x86)/atmel/avr tools/avr toolchain/bin/../lib/gcc/avr/4.5.1/avr5\libgcc.a

.hash
 *(.hash)

.dynsym
 *(.dynsym)

.dynstr
 *(.dynstr)

.gnu.version
 *(.gnu.version)

.gnu.version_d
 *(.gnu.version_d)

.gnu.version_r
 *(.gnu.version_r)

.rel.init
 *(.rel.init)

.rela.init
 *(.rela.init)

.rel.text
 *(.rel.text)
 *(.rel.text.*)
 *(.rel.gnu.linkonce.t*)

.rela.text
 *(.rela.text)
 *(.rela.text.*)
 *(.rela.gnu.linkonce.t*)

.rel.fini
 *(.rel.fini)

.rela.fini
 *(.rela.fini)

.rel.rodata
 *(.rel.rodata)
 *(.rel.rodata.*)
 *(.rel.gnu.linkonce.r*)

.rela.rodata
 *(.rela.rodata)
 *(.rela.rodata.*)
 *(.rela.gnu.linkonce.r*)

.rel.data
 *(.rel.data)
 *(.rel.data.*)
 *(.rel.gnu.linkonce.d*)

.rela.data
 *(.rela.data)
 *(.rela.data.*)
 *(.rela.gnu.linkonce.d*)

.rel.ctors
 *(.rel.ctors)

.rela.ctors
 *(.rela.ctors)

.rel.dtors
 *(.rel.dtors)

.rela.dtors
 *(.rela.dtors)

.rel.got
 *(.rel.got)

.rela.got
 *(.rela.got)

.rel.bss
 *(.rel.bss)

.rela.bss
 *(.rela.bss)

.rel.plt
 *(.rel.plt)

.rela.plt
 *(.rela.plt)

.text           0x00000000     0x4d00
 *(.vectors)
 .vectors       0x00000000       0x68 c:/program files (x86)/atmel/avr tools/avr toolchain/bin/../lib/gcc/avr/4.5.1/../../../../avr/lib/avr5/crtm328p.o
                0x00000000                __vector_default
                0x00000000                __vectors
 *(.vectors)
 *(.progmem.gcc*)
 *(.progmem*)
 .progmem.data  0x00000068       0x68 lf1.o
                0x00000068                welcome_line1
                0x00000071                welcome_line2
                0x0000007b                demo_name_line1
                0x00000080                demo_name_line2
                0x00000085                welcome
                0x0000008f                go
                0x0000009c                lobat
                0x000000c2                levels
                0x000000d0                . = ALIGN (0x2)
                0x000000d0                __trampolines_start = .
 *(.trampolines)
 .trampolines   0x000000d0        0x0 linker stubs
 *(.trampolines*)
                0x000000d0                __trampolines_end = .
 *(.jumptables)
 *(.jumptables*)
 *(.lowtext)
 *(.lowtext*)
                0x000000d0                __ctors_start = .
 *(.ctors)
 .ctors         0x000000d0        0x2 c:/program files (x86)/atmel/avr tools/avr toolchain/bin/../lib/gcc/avr/4.5.1/../../../../avr/lib/avr5\libpololu_atmega328p.a(Pololu3pi.o)
                0x000000d2                __ctors_end = .
                0x000000d2                __dtors_start = .
 *(.dtors)
 .dtors         0x000000d2        0x2 c:/program files (x86)/atmel/avr tools/avr toolchain/bin/../lib/gcc/avr/4.5.1/../../../../avr/lib/avr5\libpololu_atmega328p.a(Pololu3pi.o)
                0x000000d4                __dtors_end = .
 SORT(*)(.ctors)
 SORT(*)(.dtors)
 *(.init0)
 .init0         0x000000d4        0x0 c:/program files (x86)/atmel/avr tools/avr toolchain/bin/../lib/gcc/avr/4.5.1/../../../../avr/lib/avr5/crtm328p.o
                0x000000d4                __init
 *(.init0)
 *(.init1)
 *(.init1)
 *(.init2)
 .init2         0x000000d4        0xc c:/program files (x86)/atmel/avr tools/avr toolchain/bin/../lib/gcc/avr/4.5.1/../../../../avr/lib/avr5/crtm328p.o
 *(.init2)
 *(.init3)
 *(.init3)
 *(.init4)
 .init4         0x000000e0       0x16 c:/program files (x86)/atmel/avr tools/avr toolchain/bin/../lib/gcc/avr/4.5.1/avr5\libgcc.a(_copy_data.o)
                0x000000e0                __do_copy_data
 .init4         0x000000f6       0x10 c:/program files (x86)/atmel/avr tools/avr toolchain/bin/../lib/gcc/avr/4.5.1/avr5\libgcc.a(_clear_bss.o)
                0x000000f6                __do_clear_bss
 *(.init4)
 *(.init5)
 *(.init5)
 *(.init6)
 .init6         0x00000106       0x16 c:/program files (x86)/atmel/avr tools/avr toolchain/bin/../lib/gcc/avr/4.5.1/avr5\libgcc.a(_ctors.o)
                0x00000106                __do_global_ctors
 *(.init6)
 *(.init7)
 *(.init7)
 *(.init8)
 *(.init8)
 *(.init9)
 .init9         0x0000011c        0x8 c:/program files (x86)/atmel/avr tools/avr toolchain/bin/../lib/gcc/avr/4.5.1/../../../../avr/lib/avr5/crtm328p.o
 *(.init9)
 *(.text)
 .text          0x00000124        0x4 c:/program files (x86)/atmel/avr tools/avr toolchain/bin/../lib/gcc/avr/4.5.1/../../../../avr/lib/avr5/crtm328p.o
                0x00000124                __vector_22
                0x00000124                __vector_1
                0x00000124                __vector_24
                0x00000124                __vector_12
                0x00000124                __bad_interrupt
                0x00000124                __vector_6
                0x00000124                __vector_3
                0x00000124                __vector_23
                0x00000124                __vector_25
                0x00000124                __vector_11
                0x00000124                __vector_17
                0x00000124                __vector_19
                0x00000124                __vector_7
                0x00000124                __vector_5
                0x00000124                __vector_4
                0x00000124                __vector_2
                0x00000124                __vector_21
                0x00000124                __vector_15
                0x00000124                __vector_8
                0x00000124                __vector_14
                0x00000124                __vector_10
                0x00000124                __vector_16
                0x00000124                __vector_18
                0x00000124                __vector_20
 .text          0x00000128      0xa92 lf1.o
                0x00000128                _In00
                0x0000012e                _In01
                0x00000134                _In02
                0x0000013a                _In03
                0x00000140                _In04
                0x00000146                _In05
                0x0000014c                _In06
                0x00000152                _In07
                0x00000158                _In08
                0x0000015e                _In09
                0x00000170                load_custom_characters
                0x000001c6                display_readings
                0x0000024a                initialize
                0x00000338                calibrate
                0x000003f2                main
 .text          0x00000bba        0x0 c:/program files (x86)/atmel/avr tools/avr toolchain/bin/../lib/gcc/avr/4.5.1/../../../../avr/lib/avr5\libpololu_atmega328p.a(OrangutanAnalog.o)
 .text          0x00000bba        0x0 c:/program files (x86)/atmel/avr tools/avr toolchain/bin/../lib/gcc/avr/4.5.1/../../../../avr/lib/avr5\libpololu_atmega328p.a(OrangutanBuzzer.o)
 .text          0x00000bba        0x0 c:/program files (x86)/atmel/avr tools/avr toolchain/bin/../lib/gcc/avr/4.5.1/../../../../avr/lib/avr5\libpololu_atmega328p.a(OrangutanLCD.o)
 .text          0x00000bba        0x0 c:/program files (x86)/atmel/avr tools/avr toolchain/bin/../lib/gcc/avr/4.5.1/../../../../avr/lib/avr5\libpololu_atmega328p.a(OrangutanMotors.o)
 .text          0x00000bba        0x0 c:/program files (x86)/atmel/avr tools/avr toolchain/bin/../lib/gcc/avr/4.5.1/../../../../avr/lib/avr5\libpololu_atmega328p.a(OrangutanPushbuttons.o)
 .text          0x00000bba        0x0 c:/program files (x86)/atmel/avr tools/avr toolchain/bin/../lib/gcc/avr/4.5.1/../../../../avr/lib/avr5\libpololu_atmega328p.a(OrangutanTime.o)
 .text          0x00000bba        0x0 c:/program files (x86)/atmel/avr tools/avr toolchain/bin/../lib/gcc/avr/4.5.1/../../../../avr/lib/avr5\libpololu_atmega328p.a(Pololu3pi.o)
 .text          0x00000bba        0x0 c:/program files (x86)/atmel/avr tools/avr toolchain/bin/../lib/gcc/avr/4.5.1/../../../../avr/lib/avr5\libpololu_atmega328p.a(PololuQTRSensors.o)
 .text          0x00000bba        0x0 c:/program files (x86)/atmel/avr tools/avr toolchain/bin/../lib/gcc/avr/4.5.1/avr5\libgcc.a(_mulsi3.o)
 .text          0x00000bba        0x0 c:/program files (x86)/atmel/avr tools/avr toolchain/bin/../lib/gcc/avr/4.5.1/avr5\libgcc.a(_udivmodqi4.o)
 .text          0x00000bba        0x0 c:/program files (x86)/atmel/avr tools/avr toolchain/bin/../lib/gcc/avr/4.5.1/avr5\libgcc.a(_udivmodhi4.o)
 .text          0x00000bba        0x0 c:/program files (x86)/atmel/avr tools/avr toolchain/bin/../lib/gcc/avr/4.5.1/avr5\libgcc.a(_divmodhi4.o)
 .text          0x00000bba        0x0 c:/program files (x86)/atmel/avr tools/avr toolchain/bin/../lib/gcc/avr/4.5.1/avr5\libgcc.a(_udivmodsi4.o)
 .text          0x00000bba        0x0 c:/program files (x86)/atmel/avr tools/avr toolchain/bin/../lib/gcc/avr/4.5.1/avr5\libgcc.a(_divmodsi4.o)
 .text          0x00000bba        0x0 c:/program files (x86)/atmel/avr tools/avr toolchain/bin/../lib/gcc/avr/4.5.1/avr5\libgcc.a(_prologue.o)
 .text          0x00000bba        0x0 c:/program files (x86)/atmel/avr tools/avr toolchain/bin/../lib/gcc/avr/4.5.1/avr5\libgcc.a(_epilogue.o)
 .text          0x00000bba        0x0 c:/program files (x86)/atmel/avr tools/avr toolchain/bin/../lib/gcc/avr/4.5.1/avr5\libgcc.a(_exit.o)
 .text          0x00000bba        0x0 c:/program files (x86)/atmel/avr tools/avr toolchain/bin/../lib/gcc/avr/4.5.1/avr5\libgcc.a(_copy_data.o)
 .text          0x00000bba        0x0 c:/program files (x86)/atmel/avr tools/avr toolchain/bin/../lib/gcc/avr/4.5.1/avr5\libgcc.a(_clear_bss.o)
 .text          0x00000bba        0x0 c:/program files (x86)/atmel/avr tools/avr toolchain/bin/../lib/gcc/avr/4.5.1/avr5\libgcc.a(_ctors.o)
 .text          0x00000bba        0x0 c:/program files (x86)/atmel/avr tools/avr toolchain/bin/../lib/gcc/avr/4.5.1/avr5\libgcc.a(_dtors.o)
 .text          0x00000bba       0x58 c:/program files (x86)/atmel/avr tools/avr toolchain/bin/../lib/gcc/avr/4.5.1/avr5\libgcc.a(_fixunssfsi.o)
                0x00000bba                __fixunssfsi
 .text          0x00000c12      0x350 c:/program files (x86)/atmel/avr tools/avr toolchain/bin/../lib/gcc/avr/4.5.1/avr5\libgcc.a(_addsub_sf.o)
                0x00000ea6                __addsf3
                0x00000f00                __subsf3
 .text          0x00000f62      0x1f4 c:/program files (x86)/atmel/avr tools/avr toolchain/bin/../lib/gcc/avr/4.5.1/avr5\libgcc.a(_mul_sf.o)
                0x00000f62                __mulsf3
 .text          0x00001156      0x15c c:/program files (x86)/atmel/avr tools/avr toolchain/bin/../lib/gcc/avr/4.5.1/avr5\libgcc.a(_div_sf.o)
                0x00001156                __divsf3
 .text          0x000012b2       0x60 c:/program files (x86)/atmel/avr tools/avr toolchain/bin/../lib/gcc/avr/4.5.1/avr5\libgcc.a(_ge_sf.o)
                0x000012b2                __gesf2
 .text          0x00001312       0xc0 c:/program files (x86)/atmel/avr tools/avr toolchain/bin/../lib/gcc/avr/4.5.1/avr5\libgcc.a(_si_to_sf.o)
                0x00001312                __floatsisf
 .text          0x000013d2       0xa4 c:/program files (x86)/atmel/avr tools/avr toolchain/bin/../lib/gcc/avr/4.5.1/avr5\libgcc.a(_sf_to_si.o)
                0x000013d2                __fixsfsi
 .text          0x00001476        0x0 c:/program files (x86)/atmel/avr tools/avr toolchain/bin/../lib/gcc/avr/4.5.1/avr5\libgcc.a(_thenan_sf.o)
 .text          0x00001476       0xf0 c:/program files (x86)/atmel/avr tools/avr toolchain/bin/../lib/gcc/avr/4.5.1/avr5\libgcc.a(_usi_to_sf.o)
                0x00001476                __floatunsisf
 .text          0x00001566        0x0 c:/program files (x86)/atmel/avr tools/avr toolchain/bin/../lib/gcc/avr/4.5.1/avr5\libgcc.a(_tablejump.o)
 .text          0x00001566       0xb4 c:/program files (x86)/atmel/avr tools/avr toolchain/bin/../lib/gcc/avr/4.5.1/avr5\libgcc.a(_clzsi2.o)
                0x00001566                __clzsi2
 .text          0x0000161a      0x19c c:/program files (x86)/atmel/avr tools/avr toolchain/bin/../lib/gcc/avr/4.5.1/avr5\libgcc.a(_pack_sf.o)
                0x0000161a                __pack_f
 .text          0x000017b6       0xd2 c:/program files (x86)/atmel/avr tools/avr toolchain/bin/../lib/gcc/avr/4.5.1/avr5\libgcc.a(_unpack_sf.o)
                0x000017b6                __unpack_f
 .text          0x00001888       0xb2 c:/program files (x86)/atmel/avr tools/avr toolchain/bin/../lib/gcc/avr/4.5.1/avr5\libgcc.a(_fpcmp_parts_sf.o)
                0x00001888                __fpcmp_parts_f
 .text          0x0000193a        0x0 c:/program files (x86)/atmel/avr tools/avr toolchain/bin/../lib/gcc/avr/4.5.1/avr5\libgcc.a(_clz.o)
 .text          0x0000193a        0x0 c:/program files (x86)/atmel/avr tools/avr toolchain/bin/../lib/gcc/avr/4.5.1/../../../../avr/lib/avr5\libc.a(malloc.o)
 .text          0x0000193a        0x0 c:/program files (x86)/atmel/avr tools/avr toolchain/bin/../lib/gcc/avr/4.5.1/../../../../avr/lib/avr5\libc.a(fdevopen.o)
 .text          0x0000193a        0x0 c:/program files (x86)/atmel/avr tools/avr toolchain/bin/../lib/gcc/avr/4.5.1/../../../../avr/lib/avr5\libc.a(iob.o)
 .text          0x0000193a        0x0 c:/program files (x86)/atmel/avr tools/avr toolchain/bin/../lib/gcc/avr/4.5.1/../../../../avr/lib/avr5\libc.a(printf.o)
 .text          0x0000193a        0x0 c:/program files (x86)/atmel/avr tools/avr toolchain/bin/../lib/gcc/avr/4.5.1/../../../../avr/lib/avr5\libc.a(vfprintf_std.o)
 .text          0x0000193a        0x0 c:/program files (x86)/atmel/avr tools/avr toolchain/bin/../lib/gcc/avr/4.5.1/../../../../avr/lib/avr5\libc.a(calloc.o)
 .text          0x0000193a        0x0 c:/program files (x86)/atmel/avr tools/avr toolchain/bin/../lib/gcc/avr/4.5.1/../../../../avr/lib/avr5\libc.a(strnlen_P.o)
 .text          0x0000193a        0x0 c:/program files (x86)/atmel/avr tools/avr toolchain/bin/../lib/gcc/avr/4.5.1/../../../../avr/lib/avr5\libc.a(memset.o)
 .text          0x0000193a        0x0 c:/program files (x86)/atmel/avr tools/avr toolchain/bin/../lib/gcc/avr/4.5.1/../../../../avr/lib/avr5\libc.a(strnlen.o)
 .text          0x0000193a        0x0 c:/program files (x86)/atmel/avr tools/avr toolchain/bin/../lib/gcc/avr/4.5.1/../../../../avr/lib/avr5\libc.a(fputc.o)
 .text          0x0000193a        0x0 c:/program files (x86)/atmel/avr tools/avr toolchain/bin/../lib/gcc/avr/4.5.1/../../../../avr/lib/avr5\libc.a(ultoa_invert.o)
                0x0000193a                . = ALIGN (0x2)
 *(.text.*)
 .text._ZN15OrangutanAnalog7setModeEh
                0x0000193a       0x18 c:/program files (x86)/atmel/avr tools/avr toolchain/bin/../lib/gcc/avr/4.5.1/../../../../avr/lib/avr5\libpololu_atmega328p.a(OrangutanAnalog.o)
                0x0000193a                OrangutanAnalog::setMode(unsigned char)
 .text._ZN15OrangutanAnalog7getModeEv
                0x00001952       0x14 c:/program files (x86)/atmel/avr tools/avr toolchain/bin/../lib/gcc/avr/4.5.1/../../../../avr/lib/avr5\libpololu_atmega328p.a(OrangutanAnalog.o)
                0x00001952                OrangutanAnalog::getMode()
 .text._ZN15OrangutanAnalog12isConvertingEv
                0x00001966       0x14 c:/program files (x86)/atmel/avr tools/avr toolchain/bin/../lib/gcc/avr/4.5.1/../../../../avr/lib/avr5\libpololu_atmega328p.a(OrangutanAnalog.o)
                0x00001966                OrangutanAnalog::isConverting()
 .text.set_millivolt_calibration
                0x0000197a        0xa c:/program files (x86)/atmel/avr tools/avr toolchain/bin/../lib/gcc/avr/4.5.1/../../../../avr/lib/avr5\libpololu_atmega328p.a(OrangutanAnalog.o)
                0x0000197a                set_millivolt_calibration
 .text._ZN15OrangutanAnalogC2Ev
                0x00001984        0x2 c:/program files (x86)/atmel/avr tools/avr toolchain/bin/../lib/gcc/avr/4.5.1/../../../../avr/lib/avr5\libpololu_atmega328p.a(OrangutanAnalog.o)
                0x00001984                OrangutanAnalog::OrangutanAnalog()
                0x00001984                OrangutanAnalog::OrangutanAnalog()
 .text._ZN15OrangutanAnalog16conversionResultEv
                0x00001986       0x1c c:/program files (x86)/atmel/avr tools/avr toolchain/bin/../lib/gcc/avr/4.5.1/../../../../avr/lib/avr5\libpololu_atmega328p.a(OrangutanAnalog.o)
                0x00001986                OrangutanAnalog::conversionResult()
 .text.analog_conversion_result
                0x000019a2        0x6 c:/program files (x86)/atmel/avr tools/avr toolchain/bin/../lib/gcc/avr/4.5.1/../../../../avr/lib/avr5\libpololu_atmega328p.a(OrangutanAnalog.o)
                0x000019a2                analog_conversion_result
 .text._ZN15OrangutanAnalog15startConversionEhh
                0x000019a8       0x32 c:/program files (x86)/atmel/avr tools/avr toolchain/bin/../lib/gcc/avr/4.5.1/../../../../avr/lib/avr5\libpololu_atmega328p.a(OrangutanAnalog.o)
                0x000019a8                OrangutanAnalog::startConversion(unsigned char, unsigned char)
 .text.start_analog_conversion
                0x000019da        0x8 c:/program files (x86)/atmel/avr tools/avr toolchain/bin/../lib/gcc/avr/4.5.1/../../../../avr/lib/avr5\libpololu_atmega328p.a(OrangutanAnalog.o)
                0x000019da                start_analog_conversion
 .text._ZN15OrangutanAnalog4readEh
                0x000019e2       0x14 c:/program files (x86)/atmel/avr tools/avr toolchain/bin/../lib/gcc/avr/4.5.1/../../../../avr/lib/avr5\libpololu_atmega328p.a(OrangutanAnalog.o)
                0x000019e2                OrangutanAnalog::read(unsigned char)
 .text.analog_read
                0x000019f6        0x6 c:/program files (x86)/atmel/avr tools/avr toolchain/bin/../lib/gcc/avr/4.5.1/../../../../avr/lib/avr5\libpololu_atmega328p.a(OrangutanAnalog.o)
                0x000019f6                analog_read
 .text._ZN15OrangutanAnalog11readAverageEhj
                0x000019fc       0x8c c:/program files (x86)/atmel/avr tools/avr toolchain/bin/../lib/gcc/avr/4.5.1/../../../../avr/lib/avr5\libpololu_atmega328p.a(OrangutanAnalog.o)
                0x000019fc                OrangutanAnalog::readAverage(unsigned char, unsigned int)
 .text._ZN15OrangutanAnalog11readTrimpotEv
                0x00001a88        0xc c:/program files (x86)/atmel/avr tools/avr toolchain/bin/../lib/gcc/avr/4.5.1/../../../../avr/lib/avr5\libpololu_atmega328p.a(OrangutanAnalog.o)
                0x00001a88                OrangutanAnalog::readTrimpot()
 .text.read_trimpot
                0x00001a94        0x6 c:/program files (x86)/atmel/avr tools/avr toolchain/bin/../lib/gcc/avr/4.5.1/../../../../avr/lib/avr5\libpololu_atmega328p.a(OrangutanAnalog.o)
                0x00001a94                read_trimpot
 .text.analog_read_average
                0x00001a9a        0x6 c:/program files (x86)/atmel/avr tools/avr toolchain/bin/../lib/gcc/avr/4.5.1/../../../../avr/lib/avr5\libpololu_atmega328p.a(OrangutanAnalog.o)
                0x00001a9a                analog_read_average
 .text._ZN15OrangutanAnalog23setMillivoltCalibrationEj
                0x00001aa0        0xa c:/program files (x86)/atmel/avr tools/avr toolchain/bin/../lib/gcc/avr/4.5.1/../../../../avr/lib/avr5\libpololu_atmega328p.a(OrangutanAnalog.o)
                0x00001aa0                OrangutanAnalog::setMillivoltCalibration(unsigned int)
 .text._ZN15OrangutanAnalog17readVCCMillivoltsEv
                0x00001aaa       0x54 c:/program files (x86)/atmel/avr tools/avr toolchain/bin/../lib/gcc/avr/4.5.1/../../../../avr/lib/avr5\libpololu_atmega328p.a(OrangutanAnalog.o)
                0x00001aaa                OrangutanAnalog::readVCCMillivolts()
 .text.read_vcc_millivolts
                0x00001afe        0x6 c:/program files (x86)/atmel/avr tools/avr toolchain/bin/../lib/gcc/avr/4.5.1/../../../../avr/lib/avr5\libpololu_atmega328p.a(OrangutanAnalog.o)
                0x00001afe                read_vcc_millivolts
 .text._ZN15OrangutanAnalog12toMillivoltsEj
                0x00001b04       0x7c c:/program files (x86)/atmel/avr tools/avr toolchain/bin/../lib/gcc/avr/4.5.1/../../../../avr/lib/avr5\libpololu_atmega328p.a(OrangutanAnalog.o)
                0x00001b04                OrangutanAnalog::toMillivolts(unsigned int)
 .text._ZN15OrangutanAnalog21readAverageMillivoltsEhj
                0x00001b80        0xa c:/program files (x86)/atmel/avr tools/avr toolchain/bin/../lib/gcc/avr/4.5.1/../../../../avr/lib/avr5\libpololu_atmega328p.a(OrangutanAnalog.o)
                0x00001b80                OrangutanAnalog::readAverageMillivolts(unsigned char, unsigned int)
 .text.analog_read_average_millivolts
                0x00001b8a        0x6 c:/program files (x86)/atmel/avr tools/avr toolchain/bin/../lib/gcc/avr/4.5.1/../../../../avr/lib/avr5\libpololu_atmega328p.a(OrangutanAnalog.o)
                0x00001b8a                analog_read_average_millivolts
 .text._ZN15OrangutanAnalog26conversionResultMillivoltsEv
                0x00001b90       0x22 c:/program files (x86)/atmel/avr tools/avr toolchain/bin/../lib/gcc/avr/4.5.1/../../../../avr/lib/avr5\libpololu_atmega328p.a(OrangutanAnalog.o)
                0x00001b90                OrangutanAnalog::conversionResultMillivolts()
 .text._ZN15OrangutanAnalog14readMillivoltsEh
                0x00001bb2       0x14 c:/program files (x86)/atmel/avr tools/avr toolchain/bin/../lib/gcc/avr/4.5.1/../../../../avr/lib/avr5\libpololu_atmega328p.a(OrangutanAnalog.o)
                0x00001bb2                OrangutanAnalog::readMillivolts(unsigned char)
 .text.analog_read_millivolts
                0x00001bc6        0x6 c:/program files (x86)/atmel/avr tools/avr toolchain/bin/../lib/gcc/avr/4.5.1/../../../../avr/lib/avr5\libpololu_atmega328p.a(OrangutanAnalog.o)
                0x00001bc6                analog_read_millivolts
 .text.analog_conversion_result_millivolts
                0x00001bcc        0x6 c:/program files (x86)/atmel/avr tools/avr toolchain/bin/../lib/gcc/avr/4.5.1/../../../../avr/lib/avr5\libpololu_atmega328p.a(OrangutanAnalog.o)
                0x00001bcc                analog_conversion_result_millivolts
 .text._ZN15OrangutanAnalog21readTrimpotMillivoltsEv
                0x00001bd2        0xa c:/program files (x86)/atmel/avr tools/avr toolchain/bin/../lib/gcc/avr/4.5.1/../../../../avr/lib/avr5\libpololu_atmega328p.a(OrangutanAnalog.o)
                0x00001bd2                OrangutanAnalog::readTrimpotMillivolts()
 .text.read_trimpot_millivolts
                0x00001bdc        0x6 c:/program files (x86)/atmel/avr tools/avr toolchain/bin/../lib/gcc/avr/4.5.1/../../../../avr/lib/avr5\libpololu_atmega328p.a(OrangutanAnalog.o)
                0x00001bdc                read_trimpot_millivolts
 .text.to_millivolts
                0x00001be2        0x6 c:/program files (x86)/atmel/avr tools/avr toolchain/bin/../lib/gcc/avr/4.5.1/../../../../avr/lib/avr5\libpololu_atmega328p.a(OrangutanAnalog.o)
                0x00001be2                to_millivolts
 .text._ZN15OrangutanAnalog16readTemperatureFEv
                0x00001be8       0x4c c:/program files (x86)/atmel/avr tools/avr toolchain/bin/../lib/gcc/avr/4.5.1/../../../../avr/lib/avr5\libpololu_atmega328p.a(OrangutanAnalog.o)
                0x00001be8                OrangutanAnalog::readTemperatureF()
 .text.read_temperature_f
                0x00001c34        0x6 c:/program files (x86)/atmel/avr tools/avr toolchain/bin/../lib/gcc/avr/4.5.1/../../../../avr/lib/avr5\libpololu_atmega328p.a(OrangutanAnalog.o)
                0x00001c34                read_temperature_f
 .text._ZN15OrangutanAnalog16readTemperatureCEv
                0x00001c3a       0x4c c:/program files (x86)/atmel/avr tools/avr toolchain/bin/../lib/gcc/avr/4.5.1/../../../../avr/lib/avr5\libpololu_atmega328p.a(OrangutanAnalog.o)
                0x00001c3a                OrangutanAnalog::readTemperatureC()
 .text.read_temperature_c
                0x00001c86        0x6 c:/program files (x86)/atmel/avr tools/avr toolchain/bin/../lib/gcc/avr/4.5.1/../../../../avr/lib/avr5\libpololu_atmega328p.a(OrangutanAnalog.o)
                0x00001c86                read_temperature_c
 .text._ZN15OrangutanAnalog25readBatteryMillivolts_3piEv
                0x00001c8c       0x40 c:/program files (x86)/atmel/avr tools/avr toolchain/bin/../lib/gcc/avr/4.5.1/../../../../avr/lib/avr5\libpololu_atmega328p.a(OrangutanAnalog.o)
                0x00001c8c                OrangutanAnalog::readBatteryMillivolts_3pi()
 .text.read_battery_millivolts_3pi
                0x00001ccc        0x6 c:/program files (x86)/atmel/avr tools/avr toolchain/bin/../lib/gcc/avr/4.5.1/../../../../avr/lib/avr5\libpololu_atmega328p.a(OrangutanAnalog.o)
                0x00001ccc                read_battery_millivolts_3pi
 .text._ZN15OrangutanAnalog24readBatteryMillivolts_SVEv
                0x00001cd2       0x38 c:/program files (x86)/atmel/avr tools/avr toolchain/bin/../lib/gcc/avr/4.5.1/../../../../avr/lib/avr5\libpololu_atmega328p.a(OrangutanAnalog.o)
                0x00001cd2                OrangutanAnalog::readBatteryMillivolts_SV()
 .text.read_battery_millivolts_sv168
                0x00001d0a        0x6 c:/program files (x86)/atmel/avr tools/avr toolchain/bin/../lib/gcc/avr/4.5.1/../../../../avr/lib/avr5\libpololu_atmega328p.a(OrangutanAnalog.o)
                0x00001d0a                read_battery_millivolts_sv168
 .text.read_battery_millivolts_sv
                0x00001d10        0x6 c:/program files (x86)/atmel/avr tools/avr toolchain/bin/../lib/gcc/avr/4.5.1/../../../../avr/lib/avr5\libpololu_atmega328p.a(OrangutanAnalog.o)
                0x00001d10                read_battery_millivolts_sv
 .text._ZL16currentCharacterv
                0x00001d16       0x44 c:/program files (x86)/atmel/avr tools/avr toolchain/bin/../lib/gcc/avr/4.5.1/../../../../avr/lib/avr5\libpololu_atmega328p.a(OrangutanBuzzer.o)
 .text._ZL9getNumberv
                0x00001d5a       0x5c c:/program files (x86)/atmel/avr tools/avr toolchain/bin/../lib/gcc/avr/4.5.1/../../../../avr/lib/avr5\libpololu_atmega328p.a(OrangutanBuzzer.o)
 .text._ZN15OrangutanBuzzerC2Ev
                0x00001db6        0x2 c:/program files (x86)/atmel/avr tools/avr toolchain/bin/../lib/gcc/avr/4.5.1/../../../../avr/lib/avr5\libpololu_atmega328p.a(OrangutanBuzzer.o)
                0x00001db6                OrangutanBuzzer::OrangutanBuzzer()
                0x00001db6                OrangutanBuzzer::OrangutanBuzzer()
 .text._ZN15OrangutanBuzzer5init2Ev
                0x00001db8       0x2e c:/program files (x86)/atmel/avr tools/avr toolchain/bin/../lib/gcc/avr/4.5.1/../../../../avr/lib/avr5\libpololu_atmega328p.a(OrangutanBuzzer.o)
                0x00001db8                OrangutanBuzzer::init2()
 .text._ZN15OrangutanBuzzer4initEv
                0x00001de6       0x14 c:/program files (x86)/atmel/avr tools/avr toolchain/bin/../lib/gcc/avr/4.5.1/../../../../avr/lib/avr5\libpololu_atmega328p.a(OrangutanBuzzer.o)
                0x00001de6                OrangutanBuzzer::init()
 .text._ZN15OrangutanBuzzer13playFrequencyEjjh
                0x00001dfa      0x16a c:/program files (x86)/atmel/avr tools/avr toolchain/bin/../lib/gcc/avr/4.5.1/../../../../avr/lib/avr5\libpololu_atmega328p.a(OrangutanBuzzer.o)
                0x00001dfa                OrangutanBuzzer::playFrequency(unsigned int, unsigned int, unsigned char)
 .text.play_frequency
                0x00001f64        0x6 c:/program files (x86)/atmel/avr tools/avr toolchain/bin/../lib/gcc/avr/4.5.1/../../../../avr/lib/avr5\libpololu_atmega328p.a(OrangutanBuzzer.o)
                0x00001f64                play_frequency
 .text._ZN15OrangutanBuzzer8playNoteEhjh
                0x00001f6a       0xac c:/program files (x86)/atmel/avr tools/avr toolchain/bin/../lib/gcc/avr/4.5.1/../../../../avr/lib/avr5\libpololu_atmega328p.a(OrangutanBuzzer.o)
                0x00001f6a                OrangutanBuzzer::playNote(unsigned char, unsigned int, unsigned char)
 .text._ZL8nextNotev
                0x00002016      0x2a2 c:/program files (x86)/atmel/avr tools/avr toolchain/bin/../lib/gcc/avr/4.5.1/../../../../avr/lib/avr5\libpololu_atmega328p.a(OrangutanBuzzer.o)
 .text.__vector_13
                0x000022b8       0xa2 c:/program files (x86)/atmel/avr tools/avr toolchain/bin/../lib/gcc/avr/4.5.1/../../../../avr/lib/avr5\libpololu_atmega328p.a(OrangutanBuzzer.o)
                0x000022b8                __vector_13
 .text.play_note
                0x0000235a        0x6 c:/program files (x86)/atmel/avr tools/avr toolchain/bin/../lib/gcc/avr/4.5.1/../../../../avr/lib/avr5\libpololu_atmega328p.a(OrangutanBuzzer.o)
                0x0000235a                play_note
 .text._ZN15OrangutanBuzzer9isPlayingEv
                0x00002360       0x20 c:/program files (x86)/atmel/avr tools/avr toolchain/bin/../lib/gcc/avr/4.5.1/../../../../avr/lib/avr5\libpololu_atmega328p.a(OrangutanBuzzer.o)
                0x00002360                OrangutanBuzzer::isPlaying()
 .text.is_playing
                0x00002380        0x6 c:/program files (x86)/atmel/avr tools/avr toolchain/bin/../lib/gcc/avr/4.5.1/../../../../avr/lib/avr5\libpololu_atmega328p.a(OrangutanBuzzer.o)
                0x00002380                is_playing
 .text._ZN15OrangutanBuzzer4playEPKc
                0x00002386       0x1a c:/program files (x86)/atmel/avr tools/avr toolchain/bin/../lib/gcc/avr/4.5.1/../../../../avr/lib/avr5\libpololu_atmega328p.a(OrangutanBuzzer.o)
                0x00002386                OrangutanBuzzer::play(char const*)
 .text.play     0x000023a0        0x6 c:/program files (x86)/atmel/avr tools/avr toolchain/bin/../lib/gcc/avr/4.5.1/../../../../avr/lib/avr5\libpololu_atmega328p.a(OrangutanBuzzer.o)
                0x000023a0                play
 .text._ZN15OrangutanBuzzer20playFromProgramSpaceEPKc
                0x000023a6       0x1c c:/program files (x86)/atmel/avr tools/avr toolchain/bin/../lib/gcc/avr/4.5.1/../../../../avr/lib/avr5\libpololu_atmega328p.a(OrangutanBuzzer.o)
                0x000023a6                OrangutanBuzzer::playFromProgramSpace(char const*)
 .text.play_from_program_space
                0x000023c2        0x6 c:/program files (x86)/atmel/avr tools/avr toolchain/bin/../lib/gcc/avr/4.5.1/../../../../avr/lib/avr5\libpololu_atmega328p.a(OrangutanBuzzer.o)
                0x000023c2                play_from_program_space
 .text._ZN15OrangutanBuzzer11stopPlayingEv
                0x000023c8       0x34 c:/program files (x86)/atmel/avr tools/avr toolchain/bin/../lib/gcc/avr/4.5.1/../../../../avr/lib/avr5\libpololu_atmega328p.a(OrangutanBuzzer.o)
                0x000023c8                OrangutanBuzzer::stopPlaying()
 .text.stop_playing
                0x000023fc        0x6 c:/program files (x86)/atmel/avr tools/avr toolchain/bin/../lib/gcc/avr/4.5.1/../../../../avr/lib/avr5\libpololu_atmega328p.a(OrangutanBuzzer.o)
                0x000023fc                stop_playing
 .text._ZN15OrangutanBuzzer9playCheckEv
                0x00002402       0x2c c:/program files (x86)/atmel/avr tools/avr toolchain/bin/../lib/gcc/avr/4.5.1/../../../../avr/lib/avr5\libpololu_atmega328p.a(OrangutanBuzzer.o)
                0x00002402                OrangutanBuzzer::playCheck()
 .text._ZN15OrangutanBuzzer8playModeEh
                0x0000242e        0xe c:/program files (x86)/atmel/avr tools/avr toolchain/bin/../lib/gcc/avr/4.5.1/../../../../avr/lib/avr5\libpololu_atmega328p.a(OrangutanBuzzer.o)
                0x0000242e                OrangutanBuzzer::playMode(unsigned char)
 .text.play_mode
                0x0000243c        0x6 c:/program files (x86)/atmel/avr tools/avr toolchain/bin/../lib/gcc/avr/4.5.1/../../../../avr/lib/avr5\libpololu_atmega328p.a(OrangutanBuzzer.o)
                0x0000243c                play_mode
 .text.play_check
                0x00002442        0x6 c:/program files (x86)/atmel/avr tools/avr toolchain/bin/../lib/gcc/avr/4.5.1/../../../../avr/lib/avr5\libpololu_atmega328p.a(OrangutanBuzzer.o)
                0x00002442                play_check
 .text.void_getchar
                0x00002448        0x6 c:/program files (x86)/atmel/avr tools/avr toolchain/bin/../lib/gcc/avr/4.5.1/../../../../avr/lib/avr5\libpololu_atmega328p.a(OrangutanLCD.o)
                0x00002448                void_getchar
 .text.delayMicroseconds.clone.0
                0x0000244e       0x14 c:/program files (x86)/atmel/avr tools/avr toolchain/bin/../lib/gcc/avr/4.5.1/../../../../avr/lib/avr5\libpololu_atmega328p.a(OrangutanLCD.o)
 .text._ZN12OrangutanLCDC2Ev
                0x00002462        0x2 c:/program files (x86)/atmel/avr tools/avr toolchain/bin/../lib/gcc/avr/4.5.1/../../../../avr/lib/avr5\libpololu_atmega328p.a(OrangutanLCD.o)
                0x00002462                OrangutanLCD::OrangutanLCD()
                0x00002462                OrangutanLCD::OrangutanLCD()
 .text._ZN12OrangutanLCD8busyWaitEv
                0x00002464       0x60 c:/program files (x86)/atmel/avr tools/avr toolchain/bin/../lib/gcc/avr/4.5.1/../../../../avr/lib/avr5\libpololu_atmega328p.a(OrangutanLCD.o)
                0x00002464                OrangutanLCD::busyWait()
 .text._ZN12OrangutanLCD8sendDataEh
                0x000024c4       0x4a c:/program files (x86)/atmel/avr tools/avr toolchain/bin/../lib/gcc/avr/4.5.1/../../../../avr/lib/avr5\libpololu_atmega328p.a(OrangutanLCD.o)
                0x000024c4                OrangutanLCD::sendData(unsigned char)
 .text._ZN12OrangutanLCD4sendEhhh
                0x0000250e       0x60 c:/program files (x86)/atmel/avr tools/avr toolchain/bin/../lib/gcc/avr/4.5.1/../../../../avr/lib/avr5\libpololu_atmega328p.a(OrangutanLCD.o)
                0x0000250e                OrangutanLCD::send(unsigned char, unsigned char, unsigned char)
 .text._ZN12OrangutanLCD8send_cmdEh
                0x0000256e        0xa c:/program files (x86)/atmel/avr tools/avr toolchain/bin/../lib/gcc/avr/4.5.1/../../../../avr/lib/avr5\libpololu_atmega328p.a(OrangutanLCD.o)
                0x0000256e                OrangutanLCD::send_cmd(unsigned char)
 .text._ZN12OrangutanLCD9send_dataEh
                0x00002578        0xa c:/program files (x86)/atmel/avr tools/avr toolchain/bin/../lib/gcc/avr/4.5.1/../../../../avr/lib/avr5\libpololu_atmega328p.a(OrangutanLCD.o)
                0x00002578                OrangutanLCD::send_data(unsigned char)
 .text._ZN12OrangutanLCD19loadCustomCharacterEPKch
                0x00002582       0x4e c:/program files (x86)/atmel/avr tools/avr toolchain/bin/../lib/gcc/avr/4.5.1/../../../../avr/lib/avr5\libpololu_atmega328p.a(OrangutanLCD.o)
                0x00002582                OrangutanLCD::loadCustomCharacter(char const*, unsigned char)
 .text.lcd_load_custom_character
                0x000025d0        0x6 c:/program files (x86)/atmel/avr tools/avr toolchain/bin/../lib/gcc/avr/4.5.1/../../../../avr/lib/avr5\libpololu_atmega328p.a(OrangutanLCD.o)
                0x000025d0                lcd_load_custom_character
 .text.print_character
                0x000025d6        0x6 c:/program files (x86)/atmel/avr tools/avr toolchain/bin/../lib/gcc/avr/4.5.1/../../../../avr/lib/avr5\libpololu_atmega328p.a(OrangutanLCD.o)
                0x000025d6                print_character
 .text._ZN12OrangutanLCD13send_4bit_cmdEh
                0x000025dc        0xa c:/program files (x86)/atmel/avr tools/avr toolchain/bin/../lib/gcc/avr/4.5.1/../../../../avr/lib/avr5\libpololu_atmega328p.a(OrangutanLCD.o)
                0x000025dc                OrangutanLCD::send_4bit_cmd(unsigned char)
 .text._ZN12OrangutanLCD5init2Ev
                0x000025e6       0x7e c:/program files (x86)/atmel/avr tools/avr toolchain/bin/../lib/gcc/avr/4.5.1/../../../../avr/lib/avr5\libpololu_atmega328p.a(OrangutanLCD.o)
                0x000025e6                OrangutanLCD::init2()
 .text._ZN12OrangutanLCD4initEv
                0x00002664       0x14 c:/program files (x86)/atmel/avr tools/avr toolchain/bin/../lib/gcc/avr/4.5.1/../../../../avr/lib/avr5\libpololu_atmega328p.a(OrangutanLCD.o)
                0x00002664                OrangutanLCD::init()
 .text._ZN12OrangutanLCD5clearEv
                0x00002678       0x58 c:/program files (x86)/atmel/avr tools/avr toolchain/bin/../lib/gcc/avr/4.5.1/../../../../avr/lib/avr5\libpololu_atmega328p.a(OrangutanLCD.o)
                0x00002678                OrangutanLCD::clear()
 .text.clear    0x000026d0        0x6 c:/program files (x86)/atmel/avr tools/avr toolchain/bin/../lib/gcc/avr/4.5.1/../../../../avr/lib/avr5\libpololu_atmega328p.a(OrangutanLCD.o)
                0x000026d0                clear
 .text._ZN12OrangutanLCD5printEc
                0x000026d6        0x6 c:/program files (x86)/atmel/avr tools/avr toolchain/bin/../lib/gcc/avr/4.5.1/../../../../avr/lib/avr5\libpololu_atmega328p.a(OrangutanLCD.o)
                0x000026d6                OrangutanLCD::print(char)
 .text._ZN12OrangutanLCD5printEPKc
                0x000026dc       0x28 c:/program files (x86)/atmel/avr tools/avr toolchain/bin/../lib/gcc/avr/4.5.1/../../../../avr/lib/avr5\libpololu_atmega328p.a(OrangutanLCD.o)
                0x000026dc                OrangutanLCD::print(char const*)
 .text.print    0x00002704        0x6 c:/program files (x86)/atmel/avr tools/avr toolchain/bin/../lib/gcc/avr/4.5.1/../../../../avr/lib/avr5\libpololu_atmega328p.a(OrangutanLCD.o)
                0x00002704                print
 .text._ZN12OrangutanLCD21printFromProgramSpaceEPKc
                0x0000270a       0x1c c:/program files (x86)/atmel/avr tools/avr toolchain/bin/../lib/gcc/avr/4.5.1/../../../../avr/lib/avr5\libpololu_atmega328p.a(OrangutanLCD.o)
                0x0000270a                OrangutanLCD::printFromProgramSpace(char const*)
 .text.print_from_program_space
                0x00002726        0x6 c:/program files (x86)/atmel/avr tools/avr toolchain/bin/../lib/gcc/avr/4.5.1/../../../../avr/lib/avr5\libpololu_atmega328p.a(OrangutanLCD.o)
                0x00002726                print_from_program_space
 .text._ZN12OrangutanLCD7printInEPKc
                0x0000272c        0x6 c:/program files (x86)/atmel/avr tools/avr toolchain/bin/../lib/gcc/avr/4.5.1/../../../../avr/lib/avr5\libpololu_atmega328p.a(OrangutanLCD.o)
                0x0000272c                OrangutanLCD::printIn(char const*)
 .text._ZN12OrangutanLCD5printEm
                0x00002732       0x7c c:/program files (x86)/atmel/avr tools/avr toolchain/bin/../lib/gcc/avr/4.5.1/../../../../avr/lib/avr5\libpololu_atmega328p.a(OrangutanLCD.o)
                0x00002732                OrangutanLCD::print(unsigned long)
 .text._ZN12OrangutanLCD5printEl
                0x000027ae       0x38 c:/program files (x86)/atmel/avr tools/avr toolchain/bin/../lib/gcc/avr/4.5.1/../../../../avr/lib/avr5\libpololu_atmega328p.a(OrangutanLCD.o)
                0x000027ae                OrangutanLCD::print(long)
 .text.print_long
                0x000027e6        0x6 c:/program files (x86)/atmel/avr tools/avr toolchain/bin/../lib/gcc/avr/4.5.1/../../../../avr/lib/avr5\libpololu_atmega328p.a(OrangutanLCD.o)
                0x000027e6                print_long
 .text.print_unsigned_long
                0x000027ec        0x6 c:/program files (x86)/atmel/avr tools/avr toolchain/bin/../lib/gcc/avr/4.5.1/../../../../avr/lib/avr5\libpololu_atmega328p.a(OrangutanLCD.o)
                0x000027ec                print_unsigned_long
 .text._ZN12OrangutanLCD14printHexNibbleEh
                0x000027f2       0x10 c:/program files (x86)/atmel/avr tools/avr toolchain/bin/../lib/gcc/avr/4.5.1/../../../../avr/lib/avr5\libpololu_atmega328p.a(OrangutanLCD.o)
                0x000027f2                OrangutanLCD::printHexNibble(unsigned char)
 .text._ZN12OrangutanLCD8printHexEh
                0x00002802       0x18 c:/program files (x86)/atmel/avr tools/avr toolchain/bin/../lib/gcc/avr/4.5.1/../../../../avr/lib/avr5\libpololu_atmega328p.a(OrangutanLCD.o)
                0x00002802                OrangutanLCD::printHex(unsigned char)
 .text._ZN12OrangutanLCD8printHexEj
                0x0000281a       0x14 c:/program files (x86)/atmel/avr tools/avr toolchain/bin/../lib/gcc/avr/4.5.1/../../../../avr/lib/avr5\libpololu_atmega328p.a(OrangutanLCD.o)
                0x0000281a                OrangutanLCD::printHex(unsigned int)
 .text.print_hex
                0x0000282e        0x6 c:/program files (x86)/atmel/avr tools/avr toolchain/bin/../lib/gcc/avr/4.5.1/../../../../avr/lib/avr5\libpololu_atmega328p.a(OrangutanLCD.o)
                0x0000282e                print_hex
 .text.print_hex_byte
                0x00002834        0x6 c:/program files (x86)/atmel/avr tools/avr toolchain/bin/../lib/gcc/avr/4.5.1/../../../../avr/lib/avr5\libpololu_atmega328p.a(OrangutanLCD.o)
                0x00002834                print_hex_byte
 .text._ZN12OrangutanLCD11printBinaryEh
                0x0000283a       0x2c c:/program files (x86)/atmel/avr tools/avr toolchain/bin/../lib/gcc/avr/4.5.1/../../../../avr/lib/avr5\libpololu_atmega328p.a(OrangutanLCD.o)
                0x0000283a                OrangutanLCD::printBinary(unsigned char)
 .text.print_binary
                0x00002866        0x6 c:/program files (x86)/atmel/avr tools/avr toolchain/bin/../lib/gcc/avr/4.5.1/../../../../avr/lib/avr5\libpololu_atmega328p.a(OrangutanLCD.o)
                0x00002866                print_binary
 .text._ZN12OrangutanLCD6gotoXYEhh
                0x0000286c       0x40 c:/program files (x86)/atmel/avr tools/avr toolchain/bin/../lib/gcc/avr/4.5.1/../../../../avr/lib/avr5\libpololu_atmega328p.a(OrangutanLCD.o)
                0x0000286c                OrangutanLCD::gotoXY(unsigned char, unsigned char)
 .text.lcd_goto_xy
                0x000028ac        0x6 c:/program files (x86)/atmel/avr tools/avr toolchain/bin/../lib/gcc/avr/4.5.1/../../../../avr/lib/avr5\libpololu_atmega328p.a(OrangutanLCD.o)
                0x000028ac                lcd_goto_xy
 .text.lcd_putchar
                0x000028b2      0x224 c:/program files (x86)/atmel/avr tools/avr toolchain/bin/../lib/gcc/avr/4.5.1/../../../../avr/lib/avr5\libpololu_atmega328p.a(OrangutanLCD.o)
                0x000028b2                lcd_putchar
 .text._ZN12OrangutanLCD10showCursorEh
                0x00002ad6       0x10 c:/program files (x86)/atmel/avr tools/avr toolchain/bin/../lib/gcc/avr/4.5.1/../../../../avr/lib/avr5\libpololu_atmega328p.a(OrangutanLCD.o)
                0x00002ad6                OrangutanLCD::showCursor(unsigned char)
 .text.lcd_show_cursor
                0x00002ae6        0x6 c:/program files (x86)/atmel/avr tools/avr toolchain/bin/../lib/gcc/avr/4.5.1/../../../../avr/lib/avr5\libpololu_atmega328p.a(OrangutanLCD.o)
                0x00002ae6                lcd_show_cursor
 .text._ZN12OrangutanLCD10hideCursorEv
                0x00002aec        0x8 c:/program files (x86)/atmel/avr tools/avr toolchain/bin/../lib/gcc/avr/4.5.1/../../../../avr/lib/avr5\libpololu_atmega328p.a(OrangutanLCD.o)
                0x00002aec                OrangutanLCD::hideCursor()
 .text.lcd_hide_cursor
                0x00002af4        0x6 c:/program files (x86)/atmel/avr tools/avr toolchain/bin/../lib/gcc/avr/4.5.1/../../../../avr/lib/avr5\libpololu_atmega328p.a(OrangutanLCD.o)
                0x00002af4                lcd_hide_cursor
 .text._ZN12OrangutanLCD10moveCursorEhh
                0x00002afa       0x24 c:/program files (x86)/atmel/avr tools/avr toolchain/bin/../lib/gcc/avr/4.5.1/../../../../avr/lib/avr5\libpololu_atmega328p.a(OrangutanLCD.o)
                0x00002afa                OrangutanLCD::moveCursor(unsigned char, unsigned char)
 .text.lcd_move_cursor
                0x00002b1e        0x6 c:/program files (x86)/atmel/avr tools/avr toolchain/bin/../lib/gcc/avr/4.5.1/../../../../avr/lib/avr5\libpololu_atmega328p.a(OrangutanLCD.o)
                0x00002b1e                lcd_move_cursor
 .text._ZN12OrangutanLCD6scrollEhhj
                0x00002b24       0x34 c:/program files (x86)/atmel/avr tools/avr toolchain/bin/../lib/gcc/avr/4.5.1/../../../../avr/lib/avr5\libpololu_atmega328p.a(OrangutanLCD.o)
                0x00002b24                OrangutanLCD::scroll(unsigned char, unsigned char, unsigned int)
 .text.lcd_scroll
                0x00002b58        0x6 c:/program files (x86)/atmel/avr tools/avr toolchain/bin/../lib/gcc/avr/4.5.1/../../../../avr/lib/avr5\libpololu_atmega328p.a(OrangutanLCD.o)
                0x00002b58                lcd_scroll
 .text._ZN12OrangutanLCD10initPrintfEv
                0x00002b5e       0x8a c:/program files (x86)/atmel/avr tools/avr toolchain/bin/../lib/gcc/avr/4.5.1/../../../../avr/lib/avr5\libpololu_atmega328p.a(OrangutanLCD.o)
                0x00002b5e                OrangutanLCD::initPrintf()
 .text.lcd_init_printf
                0x00002be8        0x6 c:/program files (x86)/atmel/avr tools/avr toolchain/bin/../lib/gcc/avr/4.5.1/../../../../avr/lib/avr5\libpololu_atmega328p.a(OrangutanLCD.o)
                0x00002be8                lcd_init_printf
 .text.lcd_init_printf_with_dimensions
                0x00002bee        0xe c:/program files (x86)/atmel/avr tools/avr toolchain/bin/../lib/gcc/avr/4.5.1/../../../../avr/lib/avr5\libpololu_atmega328p.a(OrangutanLCD.o)
                0x00002bee                lcd_init_printf_with_dimensions
 .text._ZN12OrangutanLCD10initPrintfEhh
                0x00002bfc        0xe c:/program files (x86)/atmel/avr tools/avr toolchain/bin/../lib/gcc/avr/4.5.1/../../../../avr/lib/avr5\libpololu_atmega328p.a(OrangutanLCD.o)
                0x00002bfc                OrangutanLCD::initPrintf(unsigned char, unsigned char)
 .text._ZN16OrangutanDigital14getIORegistersEP8IOStructh
                0x00002c0a       0x96 c:/program files (x86)/atmel/avr tools/avr toolchain/bin/../lib/gcc/avr/4.5.1/../../../../avr/lib/avr5\libpololu_atmega328p.a(OrangutanMotors.o)
                0x00002c0a                OrangutanDigital::getIORegisters(IOStruct*, unsigned char)
 .text._ZN16OrangutanDigital16setDataDirectionEP8IOStructh
                0x00002ca0       0x1e c:/program files (x86)/atmel/avr tools/avr toolchain/bin/../lib/gcc/avr/4.5.1/../../../../avr/lib/avr5\libpololu_atmega328p.a(OrangutanMotors.o)
                0x00002ca0                OrangutanDigital::setDataDirection(IOStruct*, unsigned char)
 .text._ZN16OrangutanDigital14setOutputValueEP8IOStructh
                0x00002cbe       0x2e c:/program files (x86)/atmel/avr tools/avr toolchain/bin/../lib/gcc/avr/4.5.1/../../../../avr/lib/avr5\libpololu_atmega328p.a(OrangutanMotors.o)
                0x00002cbe                OrangutanDigital::setOutputValue(IOStruct*, unsigned char)
 .text._ZN16OrangutanDigital9setOutputEhh
                0x00002cec       0x36 c:/program files (x86)/atmel/avr tools/avr toolchain/bin/../lib/gcc/avr/4.5.1/../../../../avr/lib/avr5\libpololu_atmega328p.a(OrangutanMotors.o)
                0x00002cec                OrangutanDigital::setOutput(unsigned char, unsigned char)
 .text._ZN15OrangutanMotorsC2Ev
                0x00002d22        0x2 c:/program files (x86)/atmel/avr tools/avr toolchain/bin/../lib/gcc/avr/4.5.1/../../../../avr/lib/avr5\libpololu_atmega328p.a(OrangutanMotors.o)
                0x00002d22                OrangutanMotors::OrangutanMotors()
                0x00002d22                OrangutanMotors::OrangutanMotors()
 .text._ZN15OrangutanMotors5init2Ev
                0x00002d24       0x50 c:/program files (x86)/atmel/avr tools/avr toolchain/bin/../lib/gcc/avr/4.5.1/../../../../avr/lib/avr5\libpololu_atmega328p.a(OrangutanMotors.o)
                0x00002d24                OrangutanMotors::init2()
 .text._ZN15OrangutanMotors4initEv
                0x00002d74       0x14 c:/program files (x86)/atmel/avr tools/avr toolchain/bin/../lib/gcc/avr/4.5.1/../../../../avr/lib/avr5\libpololu_atmega328p.a(OrangutanMotors.o)
                0x00002d74                OrangutanMotors::init()
 .text._ZN15OrangutanMotors10setM1SpeedEi
                0x00002d88       0x3a c:/program files (x86)/atmel/avr tools/avr toolchain/bin/../lib/gcc/avr/4.5.1/../../../../avr/lib/avr5\libpololu_atmega328p.a(OrangutanMotors.o)
                0x00002d88                OrangutanMotors::setM1Speed(int)
 .text.set_m1_speed
                0x00002dc2        0x6 c:/program files (x86)/atmel/avr tools/avr toolchain/bin/../lib/gcc/avr/4.5.1/../../../../avr/lib/avr5\libpololu_atmega328p.a(OrangutanMotors.o)
                0x00002dc2                set_m1_speed
 .text._ZN15OrangutanMotors10setM2SpeedEi
                0x00002dc8       0x42 c:/program files (x86)/atmel/avr tools/avr toolchain/bin/../lib/gcc/avr/4.5.1/../../../../avr/lib/avr5\libpololu_atmega328p.a(OrangutanMotors.o)
                0x00002dc8                OrangutanMotors::setM2Speed(int)
 .text.set_m2_speed
                0x00002e0a        0x6 c:/program files (x86)/atmel/avr tools/avr toolchain/bin/../lib/gcc/avr/4.5.1/../../../../avr/lib/avr5\libpololu_atmega328p.a(OrangutanMotors.o)
                0x00002e0a                set_m2_speed
 .text._ZN15OrangutanMotors9setSpeedsEii
                0x00002e10       0x16 c:/program files (x86)/atmel/avr tools/avr toolchain/bin/../lib/gcc/avr/4.5.1/../../../../avr/lib/avr5\libpololu_atmega328p.a(OrangutanMotors.o)
                0x00002e10                OrangutanMotors::setSpeeds(int, int)
 .text.set_motors
                0x00002e26        0x6 c:/program files (x86)/atmel/avr tools/avr toolchain/bin/../lib/gcc/avr/4.5.1/../../../../avr/lib/avr5\libpololu_atmega328p.a(OrangutanMotors.o)
                0x00002e26                set_motors
 .text._ZN20OrangutanPushbuttonsC2Ev
                0x00002e2c        0x2 c:/program files (x86)/atmel/avr tools/avr toolchain/bin/../lib/gcc/avr/4.5.1/../../../../avr/lib/avr5\libpololu_atmega328p.a(OrangutanPushbuttons.o)
                0x00002e2c                OrangutanPushbuttons::OrangutanPushbuttons()
                0x00002e2c                OrangutanPushbuttons::OrangutanPushbuttons()
 .text._ZN20OrangutanPushbuttons5init2Ev
                0x00002e2e       0x20 c:/program files (x86)/atmel/avr tools/avr toolchain/bin/../lib/gcc/avr/4.5.1/../../../../avr/lib/avr5\libpololu_atmega328p.a(OrangutanPushbuttons.o)
                0x00002e2e                OrangutanPushbuttons::init2()
 .text._ZN20OrangutanPushbuttons4initEv
                0x00002e4e       0x14 c:/program files (x86)/atmel/avr tools/avr toolchain/bin/../lib/gcc/avr/4.5.1/../../../../avr/lib/avr5\libpololu_atmega328p.a(OrangutanPushbuttons.o)
                0x00002e4e                OrangutanPushbuttons::init()
 .text._ZN20OrangutanPushbuttons12waitForPressEh
                0x00002e62       0x4a c:/program files (x86)/atmel/avr tools/avr toolchain/bin/../lib/gcc/avr/4.5.1/../../../../avr/lib/avr5\libpololu_atmega328p.a(OrangutanPushbuttons.o)
                0x00002e62                OrangutanPushbuttons::waitForPress(unsigned char)
 .text.wait_for_button_press
                0x00002eac        0x6 c:/program files (x86)/atmel/avr tools/avr toolchain/bin/../lib/gcc/avr/4.5.1/../../../../avr/lib/avr5\libpololu_atmega328p.a(OrangutanPushbuttons.o)
                0x00002eac                wait_for_button_press
 .text._ZN20OrangutanPushbuttons14waitForReleaseEh
                0x00002eb2       0x24 c:/program files (x86)/atmel/avr tools/avr toolchain/bin/../lib/gcc/avr/4.5.1/../../../../avr/lib/avr5\libpololu_atmega328p.a(OrangutanPushbuttons.o)
                0x00002eb2                OrangutanPushbuttons::waitForRelease(unsigned char)
 .text.wait_for_button_release
                0x00002ed6        0x6 c:/program files (x86)/atmel/avr tools/avr toolchain/bin/../lib/gcc/avr/4.5.1/../../../../avr/lib/avr5\libpololu_atmega328p.a(OrangutanPushbuttons.o)
                0x00002ed6                wait_for_button_release
 .text._ZN20OrangutanPushbuttons13waitForButtonEh
                0x00002edc       0x12 c:/program files (x86)/atmel/avr tools/avr toolchain/bin/../lib/gcc/avr/4.5.1/../../../../avr/lib/avr5\libpololu_atmega328p.a(OrangutanPushbuttons.o)
                0x00002edc                OrangutanPushbuttons::waitForButton(unsigned char)
 .text.wait_for_button
                0x00002eee        0x6 c:/program files (x86)/atmel/avr tools/avr toolchain/bin/../lib/gcc/avr/4.5.1/../../../../avr/lib/avr5\libpololu_atmega328p.a(OrangutanPushbuttons.o)
                0x00002eee                wait_for_button
 .text._ZN20OrangutanPushbuttons9isPressedEh
                0x00002ef4       0x22 c:/program files (x86)/atmel/avr tools/avr toolchain/bin/../lib/gcc/avr/4.5.1/../../../../avr/lib/avr5\libpololu_atmega328p.a(OrangutanPushbuttons.o)
                0x00002ef4                OrangutanPushbuttons::isPressed(unsigned char)
 .text.button_is_pressed
                0x00002f16        0x6 c:/program files (x86)/atmel/avr tools/avr toolchain/bin/../lib/gcc/avr/4.5.1/../../../../avr/lib/avr5\libpololu_atmega328p.a(OrangutanPushbuttons.o)
                0x00002f16                button_is_pressed
 .text._ZN20OrangutanPushbuttons23getSingleDebouncedPressEh
                0x00002f1c      0x14e c:/program files (x86)/atmel/avr tools/avr toolchain/bin/../lib/gcc/avr/4.5.1/../../../../avr/lib/avr5\libpololu_atmega328p.a(OrangutanPushbuttons.o)
                0x00002f1c                OrangutanPushbuttons::getSingleDebouncedPress(unsigned char)
 .text.get_single_debounced_button_press
                0x0000306a        0x6 c:/program files (x86)/atmel/avr tools/avr toolchain/bin/../lib/gcc/avr/4.5.1/../../../../avr/lib/avr5\libpololu_atmega328p.a(OrangutanPushbuttons.o)
                0x0000306a                get_single_debounced_button_press
 .text._ZN20OrangutanPushbuttons25getSingleDebouncedReleaseEh
                0x00003070      0x14a c:/program files (x86)/atmel/avr tools/avr toolchain/bin/../lib/gcc/avr/4.5.1/../../../../avr/lib/avr5\libpololu_atmega328p.a(OrangutanPushbuttons.o)
                0x00003070                OrangutanPushbuttons::getSingleDebouncedRelease(unsigned char)
 .text.get_single_debounced_button_release
                0x000031ba        0x6 c:/program files (x86)/atmel/avr tools/avr toolchain/bin/../lib/gcc/avr/4.5.1/../../../../avr/lib/avr5\libpololu_atmega328p.a(OrangutanPushbuttons.o)
                0x000031ba                get_single_debounced_button_release
 .text._ZN13OrangutanTime17delayMicrosecondsEj
                0x000031c0       0x10 c:/program files (x86)/atmel/avr tools/avr toolchain/bin/../lib/gcc/avr/4.5.1/../../../../avr/lib/avr5\libpololu_atmega328p.a(OrangutanTime.o)
                0x000031c0                OrangutanTime::delayMicroseconds(unsigned int)
 .text.__vector_9
                0x000031d0       0x74 c:/program files (x86)/atmel/avr tools/avr toolchain/bin/../lib/gcc/avr/4.5.1/../../../../avr/lib/avr5\libpololu_atmega328p.a(OrangutanTime.o)
                0x000031d0                __vector_9
 .text.ticks_to_microseconds
                0x00003244       0x2a c:/program files (x86)/atmel/avr tools/avr toolchain/bin/../lib/gcc/avr/4.5.1/../../../../avr/lib/avr5\libpololu_atmega328p.a(OrangutanTime.o)
                0x00003244                ticks_to_microseconds
 .text._ZN13OrangutanTime19ticksToMicrosecondsEm
                0x0000326e       0x2a c:/program files (x86)/atmel/avr tools/avr toolchain/bin/../lib/gcc/avr/4.5.1/../../../../avr/lib/avr5\libpololu_atmega328p.a(OrangutanTime.o)
                0x0000326e                OrangutanTime::ticksToMicroseconds(unsigned long)
 .text._ZN13OrangutanTime17delayMillisecondsEj
                0x00003298       0x1c c:/program files (x86)/atmel/avr tools/avr toolchain/bin/../lib/gcc/avr/4.5.1/../../../../avr/lib/avr5\libpololu_atmega328p.a(OrangutanTime.o)
                0x00003298                OrangutanTime::delayMilliseconds(unsigned int)
 .text.delay_ms
                0x000032b4        0x6 c:/program files (x86)/atmel/avr tools/avr toolchain/bin/../lib/gcc/avr/4.5.1/../../../../avr/lib/avr5\libpololu_atmega328p.a(OrangutanTime.o)
                0x000032b4                delay_ms
 .text._ZN13OrangutanTime5init2Ev
                0x000032ba       0x30 c:/program files (x86)/atmel/avr tools/avr toolchain/bin/../lib/gcc/avr/4.5.1/../../../../avr/lib/avr5\libpololu_atmega328p.a(OrangutanTime.o)
                0x000032ba                OrangutanTime::init2()
 .text._ZN13OrangutanTime4initEv
                0x000032ea       0x14 c:/program files (x86)/atmel/avr tools/avr toolchain/bin/../lib/gcc/avr/4.5.1/../../../../avr/lib/avr5\libpololu_atmega328p.a(OrangutanTime.o)
                0x000032ea                OrangutanTime::init()
 .text._ZN13OrangutanTime2msEv
                0x000032fe       0x2a c:/program files (x86)/atmel/avr tools/avr toolchain/bin/../lib/gcc/avr/4.5.1/../../../../avr/lib/avr5\libpololu_atmega328p.a(OrangutanTime.o)
                0x000032fe                OrangutanTime::ms()
 .text.get_ms   0x00003328        0x6 c:/program files (x86)/atmel/avr tools/avr toolchain/bin/../lib/gcc/avr/4.5.1/../../../../avr/lib/avr5\libpololu_atmega328p.a(OrangutanTime.o)
                0x00003328                get_ms
 .text._ZN13OrangutanTime5ticksEv
                0x0000332e       0x68 c:/program files (x86)/atmel/avr tools/avr toolchain/bin/../lib/gcc/avr/4.5.1/../../../../avr/lib/avr5\libpololu_atmega328p.a(OrangutanTime.o)
                0x0000332e                OrangutanTime::ticks()
 .text.get_ticks
                0x00003396        0x6 c:/program files (x86)/atmel/avr tools/avr toolchain/bin/../lib/gcc/avr/4.5.1/../../../../avr/lib/avr5\libpololu_atmega328p.a(OrangutanTime.o)
                0x00003396                get_ticks
 .text._ZN13OrangutanTime5resetEv
                0x0000339c       0x2e c:/program files (x86)/atmel/avr tools/avr toolchain/bin/../lib/gcc/avr/4.5.1/../../../../avr/lib/avr5\libpololu_atmega328p.a(OrangutanTime.o)
                0x0000339c                OrangutanTime::reset()
 .text.time_reset
                0x000033ca        0x6 c:/program files (x86)/atmel/avr tools/avr toolchain/bin/../lib/gcc/avr/4.5.1/../../../../avr/lib/avr5\libpololu_atmega328p.a(OrangutanTime.o)
                0x000033ca                time_reset
 .text.read_line_sensors
                0x000033d0       0x10 c:/program files (x86)/atmel/avr tools/avr toolchain/bin/../lib/gcc/avr/4.5.1/../../../../avr/lib/avr5\libpololu_atmega328p.a(Pololu3pi.o)
                0x000033d0                read_line_sensors
 .text.emitters_on
                0x000033e0        0xa c:/program files (x86)/atmel/avr tools/avr toolchain/bin/../lib/gcc/avr/4.5.1/../../../../avr/lib/avr5\libpololu_atmega328p.a(Pololu3pi.o)
                0x000033e0                emitters_on
 .text.emitters_off
                0x000033ea        0xa c:/program files (x86)/atmel/avr tools/avr toolchain/bin/../lib/gcc/avr/4.5.1/../../../../avr/lib/avr5\libpololu_atmega328p.a(Pololu3pi.o)
                0x000033ea                emitters_off
 .text.calibrate_line_sensors
                0x000033f4        0xc c:/program files (x86)/atmel/avr tools/avr toolchain/bin/../lib/gcc/avr/4.5.1/../../../../avr/lib/avr5\libpololu_atmega328p.a(Pololu3pi.o)
                0x000033f4                calibrate_line_sensors
 .text.line_sensors_reset_calibration
                0x00003400        0xa c:/program files (x86)/atmel/avr tools/avr toolchain/bin/../lib/gcc/avr/4.5.1/../../../../avr/lib/avr5\libpololu_atmega328p.a(Pololu3pi.o)
                0x00003400                line_sensors_reset_calibration
 .text.read_line_sensors_calibrated
                0x0000340a       0x10 c:/program files (x86)/atmel/avr tools/avr toolchain/bin/../lib/gcc/avr/4.5.1/../../../../avr/lib/avr5\libpololu_atmega328p.a(Pololu3pi.o)
                0x0000340a                read_line_sensors_calibrated
 .text.read_line
                0x0000341a       0x12 c:/program files (x86)/atmel/avr tools/avr toolchain/bin/../lib/gcc/avr/4.5.1/../../../../avr/lib/avr5\libpololu_atmega328p.a(Pololu3pi.o)
                0x0000341a                read_line
 .text.read_line_white
                0x0000342c       0x12 c:/program files (x86)/atmel/avr tools/avr toolchain/bin/../lib/gcc/avr/4.5.1/../../../../avr/lib/avr5\libpololu_atmega328p.a(Pololu3pi.o)
                0x0000342c                read_line_white
 .text.get_line_sensors_calibrated_minimum_on
                0x0000343e        0xa c:/program files (x86)/atmel/avr tools/avr toolchain/bin/../lib/gcc/avr/4.5.1/../../../../avr/lib/avr5\libpololu_atmega328p.a(Pololu3pi.o)
                0x0000343e                get_line_sensors_calibrated_minimum_on
 .text.get_line_sensors_calibrated_maximum_on
                0x00003448        0xa c:/program files (x86)/atmel/avr tools/avr toolchain/bin/../lib/gcc/avr/4.5.1/../../../../avr/lib/avr5\libpololu_atmega328p.a(Pololu3pi.o)
                0x00003448                get_line_sensors_calibrated_maximum_on
 .text.get_line_sensors_calibrated_minimum_off
                0x00003452        0xa c:/program files (x86)/atmel/avr tools/avr toolchain/bin/../lib/gcc/avr/4.5.1/../../../../avr/lib/avr5\libpololu_atmega328p.a(Pololu3pi.o)
                0x00003452                get_line_sensors_calibrated_minimum_off
 .text.get_line_sensors_calibrated_maximum_off
                0x0000345c        0xa c:/program files (x86)/atmel/avr tools/avr toolchain/bin/../lib/gcc/avr/4.5.1/../../../../avr/lib/avr5\libpololu_atmega328p.a(Pololu3pi.o)
                0x0000345c                get_line_sensors_calibrated_maximum_off
 .text._ZN9Pololu3pi4initEjh
                0x00003466       0x64 c:/program files (x86)/atmel/avr tools/avr toolchain/bin/../lib/gcc/avr/4.5.1/../../../../avr/lib/avr5\libpololu_atmega328p.a(Pololu3pi.o)
                0x00003466                Pololu3pi::init(unsigned int, unsigned char)
 .text.pololu_3pi_init_disable_emitter_pin
                0x000034ca        0x8 c:/program files (x86)/atmel/avr tools/avr toolchain/bin/../lib/gcc/avr/4.5.1/../../../../avr/lib/avr5\libpololu_atmega328p.a(Pololu3pi.o)
                0x000034ca                pololu_3pi_init_disable_emitter_pin
 .text.pololu_3pi_init
                0x000034d2        0x8 c:/program files (x86)/atmel/avr tools/avr toolchain/bin/../lib/gcc/avr/4.5.1/../../../../avr/lib/avr5\libpololu_atmega328p.a(Pololu3pi.o)
                0x000034d2                pololu_3pi_init
 .text._ZN9Pololu3pi15readLineSensorsEPjh
                0x000034da       0x10 c:/program files (x86)/atmel/avr tools/avr toolchain/bin/../lib/gcc/avr/4.5.1/../../../../avr/lib/avr5\libpololu_atmega328p.a(Pololu3pi.o)
                0x000034da                Pololu3pi::readLineSensors(unsigned int*, unsigned char)
 .text._ZN9Pololu3pi10emittersOnEv
                0x000034ea        0xa c:/program files (x86)/atmel/avr tools/avr toolchain/bin/../lib/gcc/avr/4.5.1/../../../../avr/lib/avr5\libpololu_atmega328p.a(Pololu3pi.o)
                0x000034ea                Pololu3pi::emittersOn()
 .text._ZN9Pololu3pi11emittersOffEv
                0x000034f4        0xa c:/program files (x86)/atmel/avr tools/avr toolchain/bin/../lib/gcc/avr/4.5.1/../../../../avr/lib/avr5\libpololu_atmega328p.a(Pololu3pi.o)
                0x000034f4                Pololu3pi::emittersOff()
 .text._ZN9Pololu3pi20calibrateLineSensorsEh
                0x000034fe        0xa c:/program files (x86)/atmel/avr tools/avr toolchain/bin/../lib/gcc/avr/4.5.1/../../../../avr/lib/avr5\libpololu_atmega328p.a(Pololu3pi.o)
                0x000034fe                Pololu3pi::calibrateLineSensors(unsigned char)
 .text._ZN9Pololu3pi27lineSensorsResetCalibrationEv
                0x00003508        0xa c:/program files (x86)/atmel/avr tools/avr toolchain/bin/../lib/gcc/avr/4.5.1/../../../../avr/lib/avr5\libpololu_atmega328p.a(Pololu3pi.o)
                0x00003508                Pololu3pi::lineSensorsResetCalibration()
 .text._ZN9Pololu3pi25readLineSensorsCalibratedEPjh
                0x00003512        0xa c:/program files (x86)/atmel/avr tools/avr toolchain/bin/../lib/gcc/avr/4.5.1/../../../../avr/lib/avr5\libpololu_atmega328p.a(Pololu3pi.o)
                0x00003512                Pololu3pi::readLineSensorsCalibrated(unsigned int*, unsigned char)
 .text._ZN9Pololu3pi8readLineEPjhh
                0x0000351c        0xa c:/program files (x86)/atmel/avr tools/avr toolchain/bin/../lib/gcc/avr/4.5.1/../../../../avr/lib/avr5\libpololu_atmega328p.a(Pololu3pi.o)
                0x0000351c                Pololu3pi::readLine(unsigned int*, unsigned char, unsigned char)
 .text._ZN9Pololu3pi33getLineSensorsCalibratedMinimumOnEv
                0x00003526        0xa c:/program files (x86)/atmel/avr tools/avr toolchain/bin/../lib/gcc/avr/4.5.1/../../../../avr/lib/avr5\libpololu_atmega328p.a(Pololu3pi.o)
                0x00003526                Pololu3pi::getLineSensorsCalibratedMinimumOn()
 .text._ZN9Pololu3pi33getLineSensorsCalibratedMaximumOnEv
                0x00003530        0xa c:/program files (x86)/atmel/avr tools/avr toolchain/bin/../lib/gcc/avr/4.5.1/../../../../avr/lib/avr5\libpololu_atmega328p.a(Pololu3pi.o)
                0x00003530                Pololu3pi::getLineSensorsCalibratedMaximumOn()
 .text._ZN9Pololu3pi34getLineSensorsCalibratedMinimumOffEv
                0x0000353a        0xa c:/program files (x86)/atmel/avr tools/avr toolchain/bin/../lib/gcc/avr/4.5.1/../../../../avr/lib/avr5\libpololu_atmega328p.a(Pololu3pi.o)
                0x0000353a                Pololu3pi::getLineSensorsCalibratedMinimumOff()
 .text._ZN9Pololu3pi34getLineSensorsCalibratedMaximumOffEv
                0x00003544        0xa c:/program files (x86)/atmel/avr tools/avr toolchain/bin/../lib/gcc/avr/4.5.1/../../../../avr/lib/avr5\libpololu_atmega328p.a(Pololu3pi.o)
                0x00003544                Pololu3pi::getLineSensorsCalibratedMaximumOff()
 .text._GLOBAL__I_pololu_3pi_init
                0x0000354e        0x2 c:/program files (x86)/atmel/avr tools/avr toolchain/bin/../lib/gcc/avr/4.5.1/../../../../avr/lib/avr5\libpololu_atmega328p.a(Pololu3pi.o)
 .text._GLOBAL__D_pololu_3pi_init
                0x00003550        0xa c:/program files (x86)/atmel/avr tools/avr toolchain/bin/../lib/gcc/avr/4.5.1/../../../../avr/lib/avr5\libpololu_atmega328p.a(Pololu3pi.o)
 .text.delayMicroseconds
                0x0000355a       0x10 c:/program files (x86)/atmel/avr tools/avr toolchain/bin/../lib/gcc/avr/4.5.1/../../../../avr/lib/avr5\libpololu_atmega328p.a(PololuQTRSensors.o)
 .text._ZN16OrangutanDigital14getIORegistersEP8IOStructh
                0x0000356a       0x96 c:/program files (x86)/atmel/avr tools/avr toolchain/bin/../lib/gcc/avr/4.5.1/../../../../avr/lib/avr5\libpololu_atmega328p.a(PololuQTRSensors.o)
 .text.qtr_calibrated_minimum_on
                0x00003600        0xe c:/program files (x86)/atmel/avr tools/avr toolchain/bin/../lib/gcc/avr/4.5.1/../../../../avr/lib/avr5\libpololu_atmega328p.a(PololuQTRSensors.o)
                0x00003600                qtr_calibrated_minimum_on
 .text.qtr_calibrated_maximum_on
                0x0000360e        0xe c:/program files (x86)/atmel/avr tools/avr toolchain/bin/../lib/gcc/avr/4.5.1/../../../../avr/lib/avr5\libpololu_atmega328p.a(PololuQTRSensors.o)
                0x0000360e                qtr_calibrated_maximum_on
 .text.qtr_calibrated_minimum_off
                0x0000361c        0xe c:/program files (x86)/atmel/avr tools/avr toolchain/bin/../lib/gcc/avr/4.5.1/../../../../avr/lib/avr5\libpololu_atmega328p.a(PololuQTRSensors.o)
                0x0000361c                qtr_calibrated_minimum_off
 .text.qtr_calibrated_maximum_off
                0x0000362a        0xe c:/program files (x86)/atmel/avr tools/avr toolchain/bin/../lib/gcc/avr/4.5.1/../../../../avr/lib/avr5\libpololu_atmega328p.a(PololuQTRSensors.o)
                0x0000362a                qtr_calibrated_maximum_off
 .text._ZN16PololuQTRSensors4initEhhh
                0x00003638       0x5a c:/program files (x86)/atmel/avr tools/avr toolchain/bin/../lib/gcc/avr/4.5.1/../../../../avr/lib/avr5\libpololu_atmega328p.a(PololuQTRSensors.o)
                0x00003638                PololuQTRSensors::init(unsigned char, unsigned char, unsigned char)
 .text._ZN16PololuQTRSensors11emittersOffEv
                0x00003692       0x2a c:/program files (x86)/atmel/avr tools/avr toolchain/bin/../lib/gcc/avr/4.5.1/../../../../avr/lib/avr5\libpololu_atmega328p.a(PololuQTRSensors.o)
                0x00003692                PololuQTRSensors::emittersOff()
 .text.qtr_emitters_off
                0x000036bc        0xe c:/program files (x86)/atmel/avr tools/avr toolchain/bin/../lib/gcc/avr/4.5.1/../../../../avr/lib/avr5\libpololu_atmega328p.a(PololuQTRSensors.o)
                0x000036bc                qtr_emitters_off
 .text._ZN16PololuQTRSensors10emittersOnEv
                0x000036ca       0x28 c:/program files (x86)/atmel/avr tools/avr toolchain/bin/../lib/gcc/avr/4.5.1/../../../../avr/lib/avr5\libpololu_atmega328p.a(PololuQTRSensors.o)
                0x000036ca                PololuQTRSensors::emittersOn()
 .text.qtr_emitters_on
                0x000036f2        0xe c:/program files (x86)/atmel/avr tools/avr toolchain/bin/../lib/gcc/avr/4.5.1/../../../../avr/lib/avr5\libpololu_atmega328p.a(PololuQTRSensors.o)
                0x000036f2                qtr_emitters_on
 .text._ZN16PololuQTRSensors16resetCalibrationEv
                0x00003700       0x80 c:/program files (x86)/atmel/avr tools/avr toolchain/bin/../lib/gcc/avr/4.5.1/../../../../avr/lib/avr5\libpololu_atmega328p.a(PololuQTRSensors.o)
                0x00003700                PololuQTRSensors::resetCalibration()
 .text.qtr_reset_calibration
                0x00003780        0xe c:/program files (x86)/atmel/avr tools/avr toolchain/bin/../lib/gcc/avr/4.5.1/../../../../avr/lib/avr5\libpololu_atmega328p.a(PololuQTRSensors.o)
                0x00003780                qtr_reset_calibration
 .text._ZN18PololuQTRSensorsRC4initEPhhjh
                0x0000378e       0xb2 c:/program files (x86)/atmel/avr tools/avr toolchain/bin/../lib/gcc/avr/4.5.1/../../../../avr/lib/avr5\libpololu_atmega328p.a(PololuQTRSensors.o)
                0x0000378e                PololuQTRSensorsRC::init(unsigned char*, unsigned char, unsigned int, unsigned char)
 .text._ZN18PololuQTRSensorsRCC2EPhhjh
                0x00003840        0xa c:/program files (x86)/atmel/avr tools/avr toolchain/bin/../lib/gcc/avr/4.5.1/../../../../avr/lib/avr5\libpololu_atmega328p.a(PololuQTRSensors.o)
                0x00003840                PololuQTRSensorsRC::PololuQTRSensorsRC(unsigned char*, unsigned char, unsigned int, unsigned char)
                0x00003840                PololuQTRSensorsRC::PololuQTRSensorsRC(unsigned char*, unsigned char, unsigned int, unsigned char)
 .text.qtr_rc_init
                0x0000384a       0x4e c:/program files (x86)/atmel/avr tools/avr toolchain/bin/../lib/gcc/avr/4.5.1/../../../../avr/lib/avr5\libpololu_atmega328p.a(PololuQTRSensors.o)
                0x0000384a                qtr_rc_init
 .text._ZN18PololuQTRSensorsRC11readPrivateEPj
                0x00003898      0x1ce c:/program files (x86)/atmel/avr tools/avr toolchain/bin/../lib/gcc/avr/4.5.1/../../../../avr/lib/avr5\libpololu_atmega328p.a(PololuQTRSensors.o)
                0x00003898                PololuQTRSensorsRC::readPrivate(unsigned int*)
 .text._ZN22PololuQTRSensorsAnalog4initEPhhhh
                0x00003a66       0x80 c:/program files (x86)/atmel/avr tools/avr toolchain/bin/../lib/gcc/avr/4.5.1/../../../../avr/lib/avr5\libpololu_atmega328p.a(PololuQTRSensors.o)
                0x00003a66                PololuQTRSensorsAnalog::init(unsigned char*, unsigned char, unsigned char, unsigned char)
 .text._ZN22PololuQTRSensorsAnalogC2EPhhhh
                0x00003ae6        0xa c:/program files (x86)/atmel/avr tools/avr toolchain/bin/../lib/gcc/avr/4.5.1/../../../../avr/lib/avr5\libpololu_atmega328p.a(PololuQTRSensors.o)
                0x00003ae6                PololuQTRSensorsAnalog::PololuQTRSensorsAnalog(unsigned char*, unsigned char, unsigned char, unsigned char)
                0x00003ae6                PololuQTRSensorsAnalog::PololuQTRSensorsAnalog(unsigned char*, unsigned char, unsigned char, unsigned char)
 .text.qtr_analog_init
                0x00003af0       0x5e c:/program files (x86)/atmel/avr tools/avr toolchain/bin/../lib/gcc/avr/4.5.1/../../../../avr/lib/avr5\libpololu_atmega328p.a(PololuQTRSensors.o)
                0x00003af0                qtr_analog_init
 .text._ZN22PololuQTRSensorsAnalog11readPrivateEPj
                0x00003b4e      0x104 c:/program files (x86)/atmel/avr tools/avr toolchain/bin/../lib/gcc/avr/4.5.1/../../../../avr/lib/avr5\libpololu_atmega328p.a(PololuQTRSensors.o)
                0x00003b4e                PololuQTRSensorsAnalog::readPrivate(unsigned int*)
 .text._ZN16PololuQTRSensors4readEPjh
                0x00003c52       0xbe c:/program files (x86)/atmel/avr tools/avr toolchain/bin/../lib/gcc/avr/4.5.1/../../../../avr/lib/avr5\libpololu_atmega328p.a(PololuQTRSensors.o)
                0x00003c52                PololuQTRSensors::read(unsigned int*, unsigned char)
 .text._ZN16PololuQTRSensors14readCalibratedEPjh
                0x00003d10      0x188 c:/program files (x86)/atmel/avr tools/avr toolchain/bin/../lib/gcc/avr/4.5.1/../../../../avr/lib/avr5\libpololu_atmega328p.a(PololuQTRSensors.o)
                0x00003d10                PololuQTRSensors::readCalibrated(unsigned int*, unsigned char)
 .text._ZN16PololuQTRSensors8readLineEPjhh
                0x00003e98      0x136 c:/program files (x86)/atmel/avr tools/avr toolchain/bin/../lib/gcc/avr/4.5.1/../../../../avr/lib/avr5\libpololu_atmega328p.a(PololuQTRSensors.o)
                0x00003e98                PololuQTRSensors::readLine(unsigned int*, unsigned char, unsigned char)
 .text.qtr_read_line_white
                0x00003fce       0x16 c:/program files (x86)/atmel/avr tools/avr toolchain/bin/../lib/gcc/avr/4.5.1/../../../../avr/lib/avr5\libpololu_atmega328p.a(PololuQTRSensors.o)
                0x00003fce                qtr_read_line_white
 .text.qtr_read_line
                0x00003fe4       0x16 c:/program files (x86)/atmel/avr tools/avr toolchain/bin/../lib/gcc/avr/4.5.1/../../../../avr/lib/avr5\libpololu_atmega328p.a(PololuQTRSensors.o)
                0x00003fe4                qtr_read_line
 .text.qtr_read_calibrated
                0x00003ffa       0x14 c:/program files (x86)/atmel/avr tools/avr toolchain/bin/../lib/gcc/avr/4.5.1/../../../../avr/lib/avr5\libpololu_atmega328p.a(PololuQTRSensors.o)
                0x00003ffa                qtr_read_calibrated
 .text._ZN16PololuQTRSensors16calibrateOnOrOffEPPjS1_h
                0x0000400e      0x20e c:/program files (x86)/atmel/avr tools/avr toolchain/bin/../lib/gcc/avr/4.5.1/../../../../avr/lib/avr5\libpololu_atmega328p.a(PololuQTRSensors.o)
                0x0000400e                PololuQTRSensors::calibrateOnOrOff(unsigned int**, unsigned int**, unsigned char)
 .text._ZN16PololuQTRSensors9calibrateEh
                0x0000421c       0x48 c:/program files (x86)/atmel/avr tools/avr toolchain/bin/../lib/gcc/avr/4.5.1/../../../../avr/lib/avr5\libpololu_atmega328p.a(PololuQTRSensors.o)
                0x0000421c                PololuQTRSensors::calibrate(unsigned char)
 .text.qtr_calibrate
                0x00004264       0x10 c:/program files (x86)/atmel/avr tools/avr toolchain/bin/../lib/gcc/avr/4.5.1/../../../../avr/lib/avr5\libpololu_atmega328p.a(PololuQTRSensors.o)
                0x00004264                qtr_calibrate
 .text.qtr_read
                0x00004274       0x14 c:/program files (x86)/atmel/avr tools/avr toolchain/bin/../lib/gcc/avr/4.5.1/../../../../avr/lib/avr5\libpololu_atmega328p.a(PololuQTRSensors.o)
                0x00004274                qtr_read
 .text._ZN16PololuQTRSensorsD2Ev
                0x00004288       0x3c c:/program files (x86)/atmel/avr tools/avr toolchain/bin/../lib/gcc/avr/4.5.1/../../../../avr/lib/avr5\libpololu_atmega328p.a(PololuQTRSensors.o)
                0x00004288                PololuQTRSensors::~PololuQTRSensors()
                0x00004288                PololuQTRSensors::~PololuQTRSensors()
 .text.libgcc   0x000042c4       0x3e c:/program files (x86)/atmel/avr tools/avr toolchain/bin/../lib/gcc/avr/4.5.1/avr5\libgcc.a(_mulsi3.o)
                0x000042c4                __mulsi3
 .text.libgcc   0x00004302       0x18 c:/program files (x86)/atmel/avr tools/avr toolchain/bin/../lib/gcc/avr/4.5.1/avr5\libgcc.a(_udivmodqi4.o)
                0x00004302                __udivmodqi4
 .text.libgcc   0x0000431a       0x28 c:/program files (x86)/atmel/avr tools/avr toolchain/bin/../lib/gcc/avr/4.5.1/avr5\libgcc.a(_udivmodhi4.o)
                0x0000431a                __udivmodhi4
 .text.libgcc   0x00004342       0x26 c:/program files (x86)/atmel/avr tools/avr toolchain/bin/../lib/gcc/avr/4.5.1/avr5\libgcc.a(_divmodhi4.o)
                0x00004342                _div
                0x00004342                __divmodhi4
 .text.libgcc   0x00004368       0x44 c:/program files (x86)/atmel/avr tools/avr toolchain/bin/../lib/gcc/avr/4.5.1/avr5\libgcc.a(_udivmodsi4.o)
                0x00004368                __udivmodsi4
 .text.libgcc   0x000043ac       0x36 c:/program files (x86)/atmel/avr tools/avr toolchain/bin/../lib/gcc/avr/4.5.1/avr5\libgcc.a(_divmodsi4.o)
                0x000043ac                __divmodsi4
 .text.libgcc   0x000043e2       0x38 c:/program files (x86)/atmel/avr tools/avr toolchain/bin/../lib/gcc/avr/4.5.1/avr5\libgcc.a(_prologue.o)
                0x000043e2                __prologue_saves__
 .text.libgcc   0x0000441a       0x36 c:/program files (x86)/atmel/avr tools/avr toolchain/bin/../lib/gcc/avr/4.5.1/avr5\libgcc.a(_epilogue.o)
                0x0000441a                __epilogue_restores__
 .text.libgcc   0x00004450        0x0 c:/program files (x86)/atmel/avr tools/avr toolchain/bin/../lib/gcc/avr/4.5.1/avr5\libgcc.a(_exit.o)
 .text.libgcc   0x00004450        0x0 c:/program files (x86)/atmel/avr tools/avr toolchain/bin/../lib/gcc/avr/4.5.1/avr5\libgcc.a(_copy_data.o)
 .text.libgcc   0x00004450        0x0 c:/program files (x86)/atmel/avr tools/avr toolchain/bin/../lib/gcc/avr/4.5.1/avr5\libgcc.a(_clear_bss.o)
 .text.libgcc   0x00004450        0x0 c:/program files (x86)/atmel/avr tools/avr toolchain/bin/../lib/gcc/avr/4.5.1/avr5\libgcc.a(_ctors.o)
 .text.libgcc   0x00004450        0x0 c:/program files (x86)/atmel/avr tools/avr toolchain/bin/../lib/gcc/avr/4.5.1/avr5\libgcc.a(_dtors.o)
 .text.libgcc   0x00004450        0xc c:/program files (x86)/atmel/avr tools/avr toolchain/bin/../lib/gcc/avr/4.5.1/avr5\libgcc.a(_tablejump.o)
                0x00004450                __tablejump2__
                0x00004454                __tablejump__
 .text.avr-libc
                0x0000445c      0x266 c:/program files (x86)/atmel/avr tools/avr toolchain/bin/../lib/gcc/avr/4.5.1/../../../../avr/lib/avr5\libc.a(malloc.o)
                0x0000445c                malloc
                0x00004590                free
 .text.avr-libc
                0x000046c2       0x96 c:/program files (x86)/atmel/avr tools/avr toolchain/bin/../lib/gcc/avr/4.5.1/../../../../avr/lib/avr5\libc.a(fdevopen.o)
                0x000046c2                fdevopen
 .text.avr-libc
                0x00004758       0x2a c:/program files (x86)/atmel/avr tools/avr toolchain/bin/../lib/gcc/avr/4.5.1/../../../../avr/lib/avr5\libc.a(printf.o)
                0x00004758                printf
 .text.avr-libc
                0x00004782      0x3ce c:/program files (x86)/atmel/avr tools/avr toolchain/bin/../lib/gcc/avr/4.5.1/../../../../avr/lib/avr5\libc.a(vfprintf_std.o)
                0x00004782                vfprintf
 .text.avr-libc
                0x00004b50       0x48 c:/program files (x86)/atmel/avr tools/avr toolchain/bin/../lib/gcc/avr/4.5.1/../../../../avr/lib/avr5\libc.a(calloc.o)
                0x00004b50                calloc
 .text.avr-libc
                0x00004b98       0x16 c:/program files (x86)/atmel/avr tools/avr toolchain/bin/../lib/gcc/avr/4.5.1/../../../../avr/lib/avr5\libc.a(strnlen_P.o)
                0x00004b98                strnlen_P
 .text.avr-libc
                0x00004bae        0xe c:/program files (x86)/atmel/avr tools/avr toolchain/bin/../lib/gcc/avr/4.5.1/../../../../avr/lib/avr5\libc.a(memset.o)
                0x00004bae                memset
 .text.avr-libc
                0x00004bbc       0x16 c:/program files (x86)/atmel/avr tools/avr toolchain/bin/../lib/gcc/avr/4.5.1/../../../../avr/lib/avr5\libc.a(strnlen.o)
                0x00004bbc                strnlen
 .text.avr-libc
                0x00004bd2       0x58 c:/program files (x86)/atmel/avr tools/avr toolchain/bin/../lib/gcc/avr/4.5.1/../../../../avr/lib/avr5\libc.a(fputc.o)
                0x00004bd2                fputc
 .text.avr-libc
                0x00004c2a       0xbc c:/program files (x86)/atmel/avr tools/avr toolchain/bin/../lib/gcc/avr/4.5.1/../../../../avr/lib/avr5\libc.a(ultoa_invert.o)
                0x00004c2a                __ultoa_invert
                0x00004ce6                . = ALIGN (0x2)
 *(.fini9)
 .fini9         0x00004ce6        0x0 c:/program files (x86)/atmel/avr tools/avr toolchain/bin/../lib/gcc/avr/4.5.1/avr5\libgcc.a(_exit.o)
                0x00004ce6                _exit
                0x00004ce6                exit
 *(.fini9)
 *(.fini8)
 *(.fini8)
 *(.fini7)
 *(.fini7)
 *(.fini6)
 .fini6         0x00004ce6       0x16 c:/program files (x86)/atmel/avr tools/avr toolchain/bin/../lib/gcc/avr/4.5.1/avr5\libgcc.a(_dtors.o)
                0x00004ce6                __do_global_dtors
 *(.fini6)
 *(.fini5)
 *(.fini5)
 *(.fini4)
 *(.fini4)
 *(.fini3)
 *(.fini3)
 *(.fini2)
 *(.fini2)
 *(.fini1)
 *(.fini1)
 *(.fini0)
 .fini0         0x00004cfc        0x4 c:/program files (x86)/atmel/avr tools/avr toolchain/bin/../lib/gcc/avr/4.5.1/avr5\libgcc.a(_exit.o)
 *(.fini0)
                0x00004d00                _etext = .

.data           0x00800100      0x198 load address 0x00004d00
                0x00800100                PROVIDE (__data_start, .)
 *(.data)
 .data          0x00800100        0x0 c:/program files (x86)/atmel/avr tools/avr toolchain/bin/../lib/gcc/avr/4.5.1/../../../../avr/lib/avr5/crtm328p.o
 .data          0x00800100       0x5e lf1.o
 .data          0x0080015e        0x2 c:/program files (x86)/atmel/avr tools/avr toolchain/bin/../lib/gcc/avr/4.5.1/../../../../avr/lib/avr5\libpololu_atmega328p.a(OrangutanAnalog.o)
 .data          0x00800160       0x22 c:/program files (x86)/atmel/avr tools/avr toolchain/bin/../lib/gcc/avr/4.5.1/../../../../avr/lib/avr5\libpololu_atmega328p.a(OrangutanBuzzer.o)
                0x00800160                buzzerFinished
 .data          0x00800182        0x2 c:/program files (x86)/atmel/avr tools/avr toolchain/bin/../lib/gcc/avr/4.5.1/../../../../avr/lib/avr5\libpololu_atmega328p.a(OrangutanLCD.o)
                0x00800182                numLCDRows
                0x00800183                numLCDCols
 .data          0x00800184        0x0 c:/program files (x86)/atmel/avr tools/avr toolchain/bin/../lib/gcc/avr/4.5.1/../../../../avr/lib/avr5\libpololu_atmega328p.a(OrangutanMotors.o)
 .data          0x00800184        0x0 c:/program files (x86)/atmel/avr tools/avr toolchain/bin/../lib/gcc/avr/4.5.1/../../../../avr/lib/avr5\libpololu_atmega328p.a(OrangutanPushbuttons.o)
 .data          0x00800184        0x0 c:/program files (x86)/atmel/avr tools/avr toolchain/bin/../lib/gcc/avr/4.5.1/../../../../avr/lib/avr5\libpololu_atmega328p.a(OrangutanTime.o)
 .data          0x00800184        0x5 c:/program files (x86)/atmel/avr tools/avr toolchain/bin/../lib/gcc/avr/4.5.1/../../../../avr/lib/avr5\libpololu_atmega328p.a(Pololu3pi.o)
 .data          0x00800189        0x0 c:/program files (x86)/atmel/avr tools/avr toolchain/bin/../lib/gcc/avr/4.5.1/../../../../avr/lib/avr5\libpololu_atmega328p.a(PololuQTRSensors.o)
 .data          0x00800189        0x0 c:/program files (x86)/atmel/avr tools/avr toolchain/bin/../lib/gcc/avr/4.5.1/avr5\libgcc.a(_mulsi3.o)
 .data          0x00800189        0x0 c:/program files (x86)/atmel/avr tools/avr toolchain/bin/../lib/gcc/avr/4.5.1/avr5\libgcc.a(_udivmodqi4.o)
 .data          0x00800189        0x0 c:/program files (x86)/atmel/avr tools/avr toolchain/bin/../lib/gcc/avr/4.5.1/avr5\libgcc.a(_udivmodhi4.o)
 .data          0x00800189        0x0 c:/program files (x86)/atmel/avr tools/avr toolchain/bin/../lib/gcc/avr/4.5.1/avr5\libgcc.a(_divmodhi4.o)
 .data          0x00800189        0x0 c:/program files (x86)/atmel/avr tools/avr toolchain/bin/../lib/gcc/avr/4.5.1/avr5\libgcc.a(_udivmodsi4.o)
 .data          0x00800189        0x0 c:/program files (x86)/atmel/avr tools/avr toolchain/bin/../lib/gcc/avr/4.5.1/avr5\libgcc.a(_divmodsi4.o)
 .data          0x00800189        0x0 c:/program files (x86)/atmel/avr tools/avr toolchain/bin/../lib/gcc/avr/4.5.1/avr5\libgcc.a(_prologue.o)
 .data          0x00800189        0x0 c:/program files (x86)/atmel/avr tools/avr toolchain/bin/../lib/gcc/avr/4.5.1/avr5\libgcc.a(_epilogue.o)
 .data          0x00800189        0x0 c:/program files (x86)/atmel/avr tools/avr toolchain/bin/../lib/gcc/avr/4.5.1/avr5\libgcc.a(_exit.o)
 .data          0x00800189        0x0 c:/program files (x86)/atmel/avr tools/avr toolchain/bin/../lib/gcc/avr/4.5.1/avr5\libgcc.a(_copy_data.o)
 .data          0x00800189        0x0 c:/program files (x86)/atmel/avr tools/avr toolchain/bin/../lib/gcc/avr/4.5.1/avr5\libgcc.a(_clear_bss.o)
 .data          0x00800189        0x0 c:/program files (x86)/atmel/avr tools/avr toolchain/bin/../lib/gcc/avr/4.5.1/avr5\libgcc.a(_ctors.o)
 .data          0x00800189        0x0 c:/program files (x86)/atmel/avr tools/avr toolchain/bin/../lib/gcc/avr/4.5.1/avr5\libgcc.a(_dtors.o)
 .data          0x00800189        0x0 c:/program files (x86)/atmel/avr tools/avr toolchain/bin/../lib/gcc/avr/4.5.1/avr5\libgcc.a(_fixunssfsi.o)
 .data          0x00800189        0x0 c:/program files (x86)/atmel/avr tools/avr toolchain/bin/../lib/gcc/avr/4.5.1/avr5\libgcc.a(_addsub_sf.o)
 .data          0x00800189        0x0 c:/program files (x86)/atmel/avr tools/avr toolchain/bin/../lib/gcc/avr/4.5.1/avr5\libgcc.a(_mul_sf.o)
 .data          0x00800189        0x0 c:/program files (x86)/atmel/avr tools/avr toolchain/bin/../lib/gcc/avr/4.5.1/avr5\libgcc.a(_div_sf.o)
 .data          0x00800189        0x0 c:/program files (x86)/atmel/avr tools/avr toolchain/bin/../lib/gcc/avr/4.5.1/avr5\libgcc.a(_ge_sf.o)
 .data          0x00800189        0x0 c:/program files (x86)/atmel/avr tools/avr toolchain/bin/../lib/gcc/avr/4.5.1/avr5\libgcc.a(_si_to_sf.o)
 .data          0x00800189        0x0 c:/program files (x86)/atmel/avr tools/avr toolchain/bin/../lib/gcc/avr/4.5.1/avr5\libgcc.a(_sf_to_si.o)
 .data          0x00800189        0x8 c:/program files (x86)/atmel/avr tools/avr toolchain/bin/../lib/gcc/avr/4.5.1/avr5\libgcc.a(_thenan_sf.o)
                0x00800189                __thenan_sf
 .data          0x00800191        0x0 c:/program files (x86)/atmel/avr tools/avr toolchain/bin/../lib/gcc/avr/4.5.1/avr5\libgcc.a(_usi_to_sf.o)
 .data          0x00800191        0x0 c:/program files (x86)/atmel/avr tools/avr toolchain/bin/../lib/gcc/avr/4.5.1/avr5\libgcc.a(_tablejump.o)
 .data          0x00800191        0x0 c:/program files (x86)/atmel/avr tools/avr toolchain/bin/../lib/gcc/avr/4.5.1/avr5\libgcc.a(_clzsi2.o)
 .data          0x00800191        0x0 c:/program files (x86)/atmel/avr tools/avr toolchain/bin/../lib/gcc/avr/4.5.1/avr5\libgcc.a(_pack_sf.o)
 .data          0x00800191        0x0 c:/program files (x86)/atmel/avr tools/avr toolchain/bin/../lib/gcc/avr/4.5.1/avr5\libgcc.a(_unpack_sf.o)
 .data          0x00800191        0x0 c:/program files (x86)/atmel/avr tools/avr toolchain/bin/../lib/gcc/avr/4.5.1/avr5\libgcc.a(_fpcmp_parts_sf.o)
 .data          0x00800191      0x100 c:/program files (x86)/atmel/avr tools/avr toolchain/bin/../lib/gcc/avr/4.5.1/avr5\libgcc.a(_clz.o)
                0x00800191                __clz_tab
 .data          0x00800291        0x6 c:/program files (x86)/atmel/avr tools/avr toolchain/bin/../lib/gcc/avr/4.5.1/../../../../avr/lib/avr5\libc.a(malloc.o)
                0x00800291                __malloc_margin
                0x00800293                __malloc_heap_start
                0x00800295                __malloc_heap_end
 .data          0x00800297        0x0 c:/program files (x86)/atmel/avr tools/avr toolchain/bin/../lib/gcc/avr/4.5.1/../../../../avr/lib/avr5\libc.a(fdevopen.o)
 .data          0x00800297        0x0 c:/program files (x86)/atmel/avr tools/avr toolchain/bin/../lib/gcc/avr/4.5.1/../../../../avr/lib/avr5\libc.a(iob.o)
 .data          0x00800297        0x0 c:/program files (x86)/atmel/avr tools/avr toolchain/bin/../lib/gcc/avr/4.5.1/../../../../avr/lib/avr5\libc.a(printf.o)
 .data          0x00800297        0x0 c:/program files (x86)/atmel/avr tools/avr toolchain/bin/../lib/gcc/avr/4.5.1/../../../../avr/lib/avr5\libc.a(vfprintf_std.o)
 .data          0x00800297        0x0 c:/program files (x86)/atmel/avr tools/avr toolchain/bin/../lib/gcc/avr/4.5.1/../../../../avr/lib/avr5\libc.a(calloc.o)
 .data          0x00800297        0x0 c:/program files (x86)/atmel/avr tools/avr toolchain/bin/../lib/gcc/avr/4.5.1/../../../../avr/lib/avr5\libc.a(strnlen_P.o)
 .data          0x00800297        0x0 c:/program files (x86)/atmel/avr tools/avr toolchain/bin/../lib/gcc/avr/4.5.1/../../../../avr/lib/avr5\libc.a(memset.o)
 .data          0x00800297        0x0 c:/program files (x86)/atmel/avr tools/avr toolchain/bin/../lib/gcc/avr/4.5.1/../../../../avr/lib/avr5\libc.a(strnlen.o)
 .data          0x00800297        0x0 c:/program files (x86)/atmel/avr tools/avr toolchain/bin/../lib/gcc/avr/4.5.1/../../../../avr/lib/avr5\libc.a(fputc.o)
 .data          0x00800297        0x0 c:/program files (x86)/atmel/avr tools/avr toolchain/bin/../lib/gcc/avr/4.5.1/../../../../avr/lib/avr5\libc.a(ultoa_invert.o)
 *(.data*)
 *(.rodata)
 *(.rodata*)
 *(.gnu.linkonce.d*)
                0x00800298                . = ALIGN (0x2)
 *fill*         0x00800297        0x1 00
                0x00800298                _edata = .
                0x00800298                PROVIDE (__data_end, .)

.bss            0x00800298      0x447
                0x00800298                PROVIDE (__bss_start, .)
 *(.bss)
 .bss           0x00800298        0x0 c:/program files (x86)/atmel/avr tools/avr toolchain/bin/../lib/gcc/avr/4.5.1/../../../../avr/lib/avr5/crtm328p.o
 .bss           0x00800298        0x0 lf1.o
 .bss           0x00800298        0x0 c:/program files (x86)/atmel/avr tools/avr toolchain/bin/../lib/gcc/avr/4.5.1/../../../../avr/lib/avr5\libpololu_atmega328p.a(OrangutanAnalog.o)
 .bss           0x00800298        0x9 c:/program files (x86)/atmel/avr tools/avr toolchain/bin/../lib/gcc/avr/4.5.1/../../../../avr/lib/avr5\libpololu_atmega328p.a(OrangutanBuzzer.o)
                0x00800298                buzzerInitialized
                0x00800299                buzzerSequence
 .bss           0x008002a1        0x9 c:/program files (x86)/atmel/avr tools/avr toolchain/bin/../lib/gcc/avr/4.5.1/../../../../avr/lib/avr5\libpololu_atmega328p.a(OrangutanLCD.o)
                0x008002a1                printf_chars
                0x008002a3                row
                0x008002a4                col
                0x008002a5                lcdTimeout
                0x008002a9                OrangutanLCD::init()::initialized
 .bss           0x008002aa        0x1 c:/program files (x86)/atmel/avr tools/avr toolchain/bin/../lib/gcc/avr/4.5.1/../../../../avr/lib/avr5\libpololu_atmega328p.a(OrangutanMotors.o)
                0x008002aa                OrangutanMotors::init()::initialized
 .bss           0x008002ab        0xd c:/program files (x86)/atmel/avr tools/avr toolchain/bin/../lib/gcc/avr/4.5.1/../../../../avr/lib/avr5\libpololu_atmega328p.a(OrangutanPushbuttons.o)
                0x008002ab                OrangutanPushbuttons::init()::initialized
 .bss           0x008002b8        0xb c:/program files (x86)/atmel/avr tools/avr toolchain/bin/../lib/gcc/avr/4.5.1/../../../../avr/lib/avr5\libpololu_atmega328p.a(OrangutanTime.o)
                0x008002b8                tickCount
                0x008002bc                msCounter
                0x008002c0                us_over_10
                0x008002c2                OrangutanTime::init()::initialized
 .bss           0x008002c3       0x44 c:/program files (x86)/atmel/avr tools/avr toolchain/bin/../lib/gcc/avr/4.5.1/../../../../avr/lib/avr5\libpololu_atmega328p.a(Pololu3pi.o)
 .bss           0x00800307        0x4 c:/program files (x86)/atmel/avr tools/avr toolchain/bin/../lib/gcc/avr/4.5.1/../../../../avr/lib/avr5\libpololu_atmega328p.a(PololuQTRSensors.o)
 .bss           0x0080030b        0x0 c:/program files (x86)/atmel/avr tools/avr toolchain/bin/../lib/gcc/avr/4.5.1/avr5\libgcc.a(_mulsi3.o)
 .bss           0x0080030b        0x0 c:/program files (x86)/atmel/avr tools/avr toolchain/bin/../lib/gcc/avr/4.5.1/avr5\libgcc.a(_udivmodqi4.o)
 .bss           0x0080030b        0x0 c:/program files (x86)/atmel/avr tools/avr toolchain/bin/../lib/gcc/avr/4.5.1/avr5\libgcc.a(_udivmodhi4.o)
 .bss           0x0080030b        0x0 c:/program files (x86)/atmel/avr tools/avr toolchain/bin/../lib/gcc/avr/4.5.1/avr5\libgcc.a(_divmodhi4.o)
 .bss           0x0080030b        0x0 c:/program files (x86)/atmel/avr tools/avr toolchain/bin/../lib/gcc/avr/4.5.1/avr5\libgcc.a(_udivmodsi4.o)
 .bss           0x0080030b        0x0 c:/program files (x86)/atmel/avr tools/avr toolchain/bin/../lib/gcc/avr/4.5.1/avr5\libgcc.a(_divmodsi4.o)
 .bss           0x0080030b        0x0 c:/program files (x86)/atmel/avr tools/avr toolchain/bin/../lib/gcc/avr/4.5.1/avr5\libgcc.a(_prologue.o)
 .bss           0x0080030b        0x0 c:/program files (x86)/atmel/avr tools/avr toolchain/bin/../lib/gcc/avr/4.5.1/avr5\libgcc.a(_epilogue.o)
 .bss           0x0080030b        0x0 c:/program files (x86)/atmel/avr tools/avr toolchain/bin/../lib/gcc/avr/4.5.1/avr5\libgcc.a(_exit.o)